Archive member included to satisfy reference by file (symbol)

c:/program files/microchip/xc32/v4.45/bin/bin/../../lib/gcc/pic32c/8.3.1/thumb/v7-a+simd/hard\libgcc.a(_udivsi3.o)
                              build/default/debug/_ext/1510041067/legato_math.o (__aeabi_uidiv)
c:/program files/microchip/xc32/v4.45/bin/bin/../../lib/gcc/pic32c/8.3.1/thumb/v7-a+simd/hard\libgcc.a(_divsi3.o)
                              build/default/debug/_ext/1510041067/legato_math.o (__aeabi_idiv)
c:/program files/microchip/xc32/v4.45/bin/bin/../../lib/gcc/pic32c/8.3.1/thumb/v7-a+simd/hard\libgcc.a(_dvmd_tls.o)
                              c:/program files/microchip/xc32/v4.45/bin/bin/../../lib/gcc/pic32c/8.3.1/thumb/v7-a+simd/hard\libgcc.a(_udivsi3.o) (__aeabi_idiv0)
c:/program files/microchip/xc32/v4.45/bin/bin/../../lib/gcc/pic32c/8.3.1/thumb/v7-a+simd/hard\libgcc.a(_aeabi_uldivmod.o)
                              build/default/debug/_ext/101884895/sys_time.o (__aeabi_uldivmod)
c:/program files/microchip/xc32/v4.45/bin/bin/../../lib/gcc/pic32c/8.3.1/thumb/v7-a+simd/hard\libgcc.a(_udivmoddi4.o)
                              c:/program files/microchip/xc32/v4.45/bin/bin/../../lib/gcc/pic32c/8.3.1/thumb/v7-a+simd/hard\libgcc.a(_aeabi_uldivmod.o) (__udivmoddi4)
c:/program files/microchip/xc32/v4.45/bin/bin/../../lib/gcc/pic32c/8.3.1/../../../../pic32c/lib/thumb/v7-a+simd/hard\libc-size-musl.a(memcpy.o)
                              build/default/debug/_ext/1510041067/legato_pixelbuffer.o (memcpy)
c:/program files/microchip/xc32/v4.45/bin/bin/../../lib/gcc/pic32c/8.3.1/../../../../pic32c/lib/thumb/v7-a+simd/hard\libc-size-musl.a(memset.o)
                              build/default/debug/_ext/92283465/legato_state.o (memset)
c:/program files/microchip/xc32/v4.45/bin/bin/../../lib/gcc/pic32c/8.3.1/../../../../pic32c/lib/thumb/v7-a+simd/hard\libc-size-musl.a(strlen.o)
                              build/default/debug/_ext/460667659/lodepng.o (strlen)
c:/program files/microchip/xc32/v4.45/bin/bin/../../lib/gcc/pic32c/8.3.1/../../../../pic32c/lib/thumb/v7-a+simd/hard\libm-musl.a(atan.o)
                              build/default/debug/_ext/1510041067/legato_math.o (atan)
c:/program files/microchip/xc32/v4.45/bin/bin/../../lib/gcc/pic32c/8.3.1/../../../../pic32c/lib/thumb/v7-a+simd/hard\libm-musl.a(fabs.o)
                              c:/program files/microchip/xc32/v4.45/bin/bin/../../lib/gcc/pic32c/8.3.1/../../../../pic32c/lib/thumb/v7-a+simd/hard\libm-musl.a(atan.o) (fabs)
c:/program files/microchip/xc32/v4.45/bin/bin/../../lib/gcc/pic32c/8.3.1/../../../../pic32c/lib/thumb/v7-a+simd/hard\libg-musl.a(__libc_start_main.o)
                              build/default/debug/_ext/1171490990/cstartup.o (__libc_init_array)
c:/program files/microchip/xc32/v4.45/bin/bin/../../lib/gcc/pic32c/8.3.1/../../../../pic32c/lib/thumb/v7-a+simd/hard\libg-musl.a(libc.o)
                              c:/program files/microchip/xc32/v4.45/bin/bin/../../lib/gcc/pic32c/8.3.1/../../../../pic32c/lib/thumb/v7-a+simd/hard\libg-musl.a(__libc_start_main.o) (__progname_full)
c:/program files/microchip/xc32/v4.45/bin/bin/../../lib/gcc/pic32c/8.3.1/../../../../pic32c/lib/thumb/v7-a+simd/hard\libg-musl.a(__sio_printf_npuxX.o)
                              (_printf_npuxX)
c:/program files/microchip/xc32/v4.45/bin/bin/../../lib/gcc/pic32c/8.3.1/../../../../pic32c/lib/thumb/v7-a+simd/hard\libg-musl.a(__sio_snprintf_npuxX.o)
                              (_snprintf_npuxX)
c:/program files/microchip/xc32/v4.45/bin/bin/../../lib/gcc/pic32c/8.3.1/../../../../pic32c/lib/thumb/v7-a+simd/hard\libg-musl.a(__fmt_u.o)
                              c:/program files/microchip/xc32/v4.45/bin/bin/../../lib/gcc/pic32c/8.3.1/../../../../pic32c/lib/thumb/v7-a+simd/hard\libg-musl.a(__sio_printf_npuxX.o) (__fmt_u_needed)
c:/program files/microchip/xc32/v4.45/bin/bin/../../lib/gcc/pic32c/8.3.1/../../../../pic32c/lib/thumb/v7-a+simd/hard\libg-musl.a(__fmt_x.o)
                              c:/program files/microchip/xc32/v4.45/bin/bin/../../lib/gcc/pic32c/8.3.1/../../../../pic32c/lib/thumb/v7-a+simd/hard\libg-musl.a(__sio_printf_npuxX.o) (__fmt_x_needed)
c:/program files/microchip/xc32/v4.45/bin/bin/../../lib/gcc/pic32c/8.3.1/../../../../pic32c/lib/thumb/v7-a+simd/hard\libg-musl.a(__pop_int.o)
                              c:/program files/microchip/xc32/v4.45/bin/bin/../../lib/gcc/pic32c/8.3.1/../../../../pic32c/lib/thumb/v7-a+simd/hard\libg-musl.a(__sio_printf_npuxX.o) (__pop_int_needed)
c:/program files/microchip/xc32/v4.45/bin/bin/../../lib/gcc/pic32c/8.3.1/../../../../pic32c/lib/thumb/v7-a+simd/hard\libg-musl.a(__pop_ptr.o)
                              c:/program files/microchip/xc32/v4.45/bin/bin/../../lib/gcc/pic32c/8.3.1/../../../../pic32c/lib/thumb/v7-a+simd/hard\libg-musl.a(__sio_printf_npuxX.o) (__pop_ptr_needed)
c:/program files/microchip/xc32/v4.45/bin/bin/../../lib/gcc/pic32c/8.3.1/../../../../pic32c/lib/thumb/v7-a+simd/hard\libg-musl.a(__printf_core.o)
[...]
Memory Configuration

Name             Origin             Length             Attributes
sram             0x0000000000200000 0x0000000000020000 !xrw
ram              0x0000000021000000 0x000000001f000000 xrw
ram_nocache      0x0000000020000000 0x0000000001000000 !xrw
rom              0x0000000000000000 0x0000000000000000 xrl
*default*        0x0000000000000000 0xffffffffffffffff

Linker script and memory map

LOAD c:/program files/microchip/xc32/v4.45/bin/bin/../../lib/gcc/pic32c/8.3.1/thumb/v7-a+simd/hard/crti.o
LOAD c:/program files/microchip/xc32/v4.45/bin/bin/../../lib/gcc/pic32c/8.3.1/thumb/v7-a+simd/hard/crtbegin.o
LOAD build/default/debug/_ext/1319235455/gfx_driver.o
LOAD build/default/debug/_ext/1510041067/legato_color.o
LOAD build/default/debug/_ext/1510041067/legato_pixelbuffer.o
LOAD build/default/debug/_ext/1510041067/legato_color_lerp.o
LOAD build/default/debug/_ext/1510041067/legato_rect.o
LOAD build/default/debug/_ext/1510041067/legato_utils.o
LOAD build/default/debug/_ext/1510041067/legato_color_convert.o
LOAD build/default/debug/_ext/1510041067/legato_error.o
LOAD build/default/debug/_ext/1510041067/legato_math.o
LOAD build/default/debug/_ext/1510041067/legato_color_value.o
LOAD build/default/debug/_ext/1510041067/legato_color_blend.o
LOAD build/default/debug/_ext/92283465/legato_stream.o
LOAD build/default/debug/_ext/92283465/legato_state.o
LOAD build/default/debug/_ext/92283465/legato_scheme.o
LOAD build/default/debug/_ext/92283465/legato_event.o
LOAD build/default/debug/_ext/92283465/legato_input.o
LOAD build/default/debug/_ext/2021927327/legato_array.o
LOAD build/default/debug/_ext/2021927327/legato_rectarray.o
LOAD build/default/debug/_ext/2021927327/legato_list.o
LOAD build/default/debug/_ext/92372729/legato_rasterfont_stream.o
LOAD build/default/debug/_ext/92372729/legato_rasterfont_liberationmono8.o
LOAD build/default/debug/_ext/92372729/legato_font.o
LOAD build/default/debug/_ext/92372729/legato_rasterfont_liberationmono1.o
LOAD build/default/debug/_ext/1494086919/le_gen_fonts.o
LOAD build/default/debug/_ext/930643953/le_gen_images.o
LOAD build/default/debug/_ext/937247594/le_gen_screen_Screen0.o
LOAD build/default/debug/_ext/1626882341/le_gen_stringtable.o
LOAD build/default/debug/_ext/1626882341/le_gen_globalpalette.o
LOAD build/default/debug/_ext/1626882341/le_gen_init.o
LOAD build/default/debug/_ext/1626882341/le_gen_harmony.o
LOAD build/default/debug/_ext/1626882341/le_gen_scheme.o
LOAD build/default/debug/_ext/1395618758/legato_imagedecoder_jpeg.o
LOAD build/default/debug/_ext/1395618758/jidctint.o
LOAD build/default/debug/_ext/1395618758/legato_imagedecoder_jpeg_common.o
LOAD build/default/debug/_ext/1395707457/legato_imagedecoder_mono_read_stream.o
LOAD build/default/debug/_ext/1395707457/legato_imagedecoder_mono_read_internal.o
LOAD build/default/debug/_ext/1395707457/legato_imagedecoder_mono.o
LOAD build/default/debug/_ext/460667659/lodepng.o
LOAD build/default/debug/_ext/460667659/legato_imagedecoder_png.o
LOAD build/default/debug/_ext/460669194/legato_imagedecoder_raw_blend.o
LOAD build/default/debug/_ext/460669194/legato_imagedecoder_raw_read_stream_rlecolor.o
LOAD build/default/debug/_ext/460669194/legato_imagedecoder_raw.o
LOAD build/default/debug/_ext/460669194/legato_imagedecoder_raw_read_stream_index.o
LOAD build/default/debug/_ext/460669194/legato_imagedecoder_raw_read_internal.o
LOAD build/default/debug/_ext/460669194/legato_imagedecoder_raw_rotate.o
LOAD build/default/debug/_ext/460669194/legato_imagedecoder_raw_palette_stream.o
LOAD build/default/debug/_ext/460669194/legato_imagedecoder_raw_mask.o
LOAD build/default/debug/_ext/460669194/legato_imagedecoder_raw_convert.o
LOAD build/default/debug/_ext/460669194/legato_imagedecoder_raw_write.o
LOAD build/default/debug/_ext/460669194/legato_imagedecoder_raw_read_stream_rleindex.o
LOAD build/default/debug/_ext/460669194/legato_imagedecoder_raw_setup.o
LOAD build/default/debug/_ext/460669194/legato_imagedecoder_raw_scale.o
LOAD build/default/debug/_ext/460669194/legato_imagedecoder_raw_read_stream_color.o
LOAD build/default/debug/_ext/460669194/legato_imagedecoder_raw_palette_internal.o
LOAD build/default/debug/_ext/1428714511/legato_palette.o
LOAD build/default/debug/_ext/1428714511/legato_image.o
LOAD build/default/debug/_ext/1428714511/legato_image_utils.o
LOAD build/default/debug/_ext/1232982741/legato_variableheap.o
LOAD build/default/debug/_ext/1232982741/legato_fixedheap.o
LOAD build/default/debug/_ext/1232982741/legato_memory.o
LOAD build/default/debug/_ext/656756333/legato_gpu.o
LOAD build/default/debug/_ext/656756333/legato_draw_rect.o
LOAD build/default/debug/_ext/656756333/legato_draw_line.o
LOAD build/default/debug/_ext/656756333/legato_draw_arc.o
LOAD build/default/debug/_ext/656756333/legato_draw.o
LOAD build/default/debug/_ext/656756333/legato_renderer.o
LOAD build/default/debug/_ext/1047211973/legato_tablestring.o
LOAD build/default/debug/_ext/1047211973/legato_string_renderer.o
LOAD build/default/debug/_ext/1047211973/legato_string.o
LOAD build/default/debug/_ext/1047211973/legato_string_renderer_stream.o
LOAD build/default/debug/_ext/1047211973/legato_dynamicstring.o
LOAD build/default/debug/_ext/1047211973/legato_fixedstring.o
LOAD build/default/debug/_ext/1047211973/legato_stringtable.o
LOAD build/default/debug/_ext/1047211973/legato_stringutils.o
LOAD build/default/debug/_ext/1720272079/legato_widget_arc_skin_classic.o
LOAD build/default/debug/_ext/1720272079/legato_widget_arc.o
LOAD build/default/debug/_ext/1379158940/legato_widget_bar_graph.o
LOAD build/default/debug/_ext/1379158940/legato_widget_bar_graph_skin_classic.o
LOAD build/default/debug/_ext/1043708429/legato_widget_button_skin_classic.o
LOAD build/default/debug/_ext/1043708429/legato_widget_button.o
LOAD build/default/debug/_ext/368479812/legato_widget_checkbox.o
LOAD build/default/debug/_ext/368479812/legato_widget_checkbox_skin_classic.o
LOAD build/default/debug/_ext/1026237551/legato_widget_circle_skin_classic.o
LOAD build/default/debug/_ext/1026237551/legato_widget_circle.o
LOAD build/default/debug/_ext/2143783897/legato_widget_circular_gauge_skin_classic.o
LOAD build/default/debug/_ext/2143783897/legato_widget_circular_gauge.o
LOAD build/default/debug/_ext/1908827647/legato_widget_circular_slider.o
LOAD build/default/debug/_ext/1908827647/legato_widget_circular_slider_skin_classic.o
LOAD build/default/debug/_ext/1828717368/legato_widget_drawsurface_skin_classic.o
LOAD build/default/debug/_ext/1828717368/legato_widget_drawsurface.o
LOAD build/default/debug/_ext/1078761039/legato_widget_gradient_skin_classic.o
LOAD build/default/debug/_ext/1078761039/legato_widget_gradient.o
LOAD build/default/debug/_ext/662047379/legato_widget_groupbox.o
LOAD build/default/debug/_ext/662047379/legato_widget_groupbox_skin_classic.o
LOAD build/default/debug/_ext/388181626/legato_widget_image_skin_classic.o
LOAD build/default/debug/_ext/388181626/legato_widget_image.o
LOAD build/default/debug/_ext/1310443605/legato_widget_imagerotate.o
LOAD build/default/debug/_ext/1310443605/legato_widget_imagerotate_skin_classic.o
LOAD build/default/debug/_ext/1012651792/legato_widget_imagescale_skin_classic.o
LOAD build/default/debug/_ext/1012651792/legato_widget_imagescale.o
LOAD build/default/debug/_ext/1994224581/legato_widget_imagesequence.o
LOAD build/default/debug/_ext/1994224581/legato_widget_imagesequence_skin_classic.o
LOAD build/default/debug/_ext/800677739/legato_widget_keypad.o
LOAD build/default/debug/_ext/800677739/legato_widget_keypad_skin_classic.o
LOAD build/default/debug/_ext/390595603/legato_widget_label_skin_classic.o
LOAD build/default/debug/_ext/390595603/legato_widget_label.o
LOAD build/default/debug/_ext/1788507403/legato_widget_line.o
LOAD build/default/debug/_ext/1788507403/legato_widget_line_skin_classic.o
LOAD build/default/debug/_ext/645187449/legato_widget_line_graph.o
LOAD build/default/debug/_ext/645187449/legato_widget_line_graph_skin_classic.o
LOAD build/default/debug/_ext/1788507233/legato_widget_list_skin_classic.o
LOAD build/default/debug/_ext/1788507233/legato_widget_list.o
LOAD build/default/debug/_ext/1231657756/legato_widget_listwheel.o
LOAD build/default/debug/_ext/1231657756/legato_widget_listwheel_skin_classic.o
LOAD build/default/debug/_ext/1857376173/legato_widget_pie_chart_skin_classic.o
LOAD build/default/debug/_ext/1857376173/legato_widget_pie_chart.o
LOAD build/default/debug/_ext/616308571/legato_widget_progressbar.o
LOAD build/default/debug/_ext/616308571/legato_widget_progressbar_skin_classic.o
LOAD build/default/debug/_ext/2046438975/legato_widget_radial_menu_state.o
LOAD build/default/debug/_ext/2046438975/legato_widget_radial_menu_skin_classic.o
LOAD build/default/debug/_ext/2046438975/legato_widget_radial_menu.o
LOAD build/default/debug/_ext/1723202356/legato_widget_radiobutton_skin_classic.o
LOAD build/default/debug/_ext/1723202356/legato_radiobutton_group.o
LOAD build/default/debug/_ext/1723202356/legato_widget_radiobutton.o
LOAD build/default/debug/_ext/739734770/legato_widget_rectangle_skin_classic.o
LOAD build/default/debug/_ext/739734770/legato_widget_rectangle.o
LOAD build/default/debug/_ext/1443241019/legato_widget_scrollbar_skin_classic.o
LOAD build/default/debug/_ext/1443241019/legato_widget_scrollbar.o
LOAD build/default/debug/_ext/565667934/legato_widget_slider_skin_classic.o
LOAD build/default/debug/_ext/565667934/legato_widget_slider.o
LOAD build/default/debug/_ext/1402498444/legato_widget_textfield.o
LOAD build/default/debug/_ext/1402498444/legato_widget_textfield_skin_classic.o
LOAD build/default/debug/_ext/1496299024/legato_widget_touchtest.o
LOAD build/default/debug/_ext/1496299024/legato_widget_touchtest_skin_classic.o
LOAD build/default/debug/_ext/453772623/legato_widget_window_skin_classic.o
LOAD build/default/debug/_ext/453772623/legato_widget_window.o
LOAD build/default/debug/_ext/943273362/legato_widget.o
LOAD build/default/debug/_ext/943273362/legato_editwidget.o
LOAD build/default/debug/_ext/943273362/legato_widget_skin_classic.o
LOAD build/default/debug/_ext/943273362/legato_widget_skin_classic_common.o
LOAD build/default/debug/_ext/1777736013/gfx_simulator.o
LOAD build/default/debug/_ext/60163497/plib_aic.o
LOAD build/default/debug/_ext/60165520/plib_clk.o
LOAD build/default/debug/_ext/1666157715/plib_matrix.o
LOAD build/default/debug/_ext/60175171/plib_mmu.o
LOAD build/default/debug/_ext/60177924/plib_pio.o
LOAD build/default/debug/_ext/163028504/xc32_monitor.o
LOAD build/default/debug/_ext/1014039709/sys_cache.o
LOAD build/default/debug/_ext/1008098389/sys_input.o
LOAD build/default/debug/_ext/1008098389/sys_input_listener.o
LOAD build/default/debug/_ext/1881668453/sys_int.o
LOAD build/default/debug/_ext/101884895/sys_time.o
LOAD build/default/debug/_ext/1171490990/fault_handlers.o
LOAD build/default/debug/_ext/1171490990/interrupts.o
LOAD build/default/debug/_ext/1171490990/initialization.o
LOAD build/default/debug/_ext/1171490990/cstartup.o
LOAD build/default/debug/_ext/1171490990/tasks.o
LOAD build/default/debug/_ext/1360937237/main.o
LOAD build/default/debug/_ext/1360937237/app.o
                0x0000000000000001                __MPLAB_BUILD = 0x1
                0x0000000000001000                C_STACK_SIZE = 0x1000
                0x0000000000000060                IRQ_STACK_SIZE = 0x60
                0x0000000000000060                FIQ_STACK_SIZE = 0x60
                0x0000000000001000                SVC_STACK_SIZE = 0x1000
                0x0000000000000040                ABT_STACK_SIZE = 0x40
                0x0000000000000040                UND_STACK_SIZE = 0x40

.text           0x0000000026f00000    0xb9458
                0x0000000026f00000                . = ALIGN (0x4)
                0x0000000026f00000                _sfixed = .
 *(.textEntry)
 .textEntry     0x0000000026f00000      0x13c build/default/debug/_ext/1171490990/cstartup.o
                0x0000000026f00000                entry
 *(.text .text.* .gnu.linkonce.t.*)
 .text          0x0000000026f0013c       0x40 c:/program files/microchip/xc32/v4.45/bin/bin/../../lib/gcc/pic32c/8.3.1/thumb/v7-a+simd/hard/crtbegin.o
 .text.gfxPixelBuffer_IsLocked
                0x0000000026f0017c        0xe build/default/debug/_ext/1319235455/gfx_driver.o
                0x0000000026f0017c                gfxPixelBuffer_IsLocked
 .text.leColorChannelAlpha
                0x0000000026f0018a       0x26 build/default/debug/_ext/1510041067/legato_color.o
                0x0000000026f0018a                leColorChannelAlpha
 .text.leColorSwap
                0x0000000026f001b0       0x68 build/default/debug/_ext/1510041067/legato_color.o
                0x0000000026f001b0                leColorSwap
 .text.indexGet1bpp
                0x0000000026f00218       0x18 build/default/debug/_ext/1510041067/legato_pixelbuffer.o
 .text.indexGet4bpp
                0x0000000026f00230       0x14 build/default/debug/_ext/1510041067/legato_pixelbuffer.o
 .text.indexGet
                0x0000000026f00244       0x40 build/default/debug/_ext/1510041067/legato_pixelbuffer.o
 .text.get1byte
                0x0000000026f00284        0x4 build/default/debug/_ext/1510041067/legato_pixelbuffer.o
 .text.get2byte
                0x0000000026f00288        0x4 build/default/debug/_ext/1510041067/legato_pixelbuffer.o
 .text.get3byte
                0x0000000026f0028c       0x12 build/default/debug/_ext/1510041067/legato_pixelbuffer.o
 .text.get4byte
                0x0000000026f0029e        0x4 build/default/debug/_ext/1510041067/legato_pixelbuffer.o
 .text.set1byte
                0x0000000026f002a2        0x6 build/default/debug/_ext/1510041067/legato_pixelbuffer.o
 .text.set2byte
                0x0000000026f002a8        0x6 build/default/debug/_ext/1510041067/legato_pixelbuffer.o
 .text.set3byte
                0x0000000026f002ae        0xe build/default/debug/_ext/1510041067/legato_pixelbuffer.o
 .text.set4byte
                0x0000000026f002bc        0x6 build/default/debug/_ext/1510041067/legato_pixelbuffer.o
 .text.lePixelBufferCreate
                0x0000000026f002c2       0x8c build/default/debug/_ext/1510041067/legato_pixelbuffer.o
                0x0000000026f002c2                lePixelBufferCreate
 .text.lePixelBufferOffsetGet
                0x0000000026f0034e       0x3c build/default/debug/_ext/1510041067/legato_pixelbuffer.o
                0x0000000026f0034e                lePixelBufferOffsetGet
 .text.lePixelBufferOffsetGet_Unsafe
                0x0000000026f0038a       0x2a build/default/debug/_ext/1510041067/legato_pixelbuffer.o
                0x0000000026f0038a                lePixelBufferOffsetGet_Unsafe
 .text.lePixelBufferGet_Unsafe
                0x0000000026f003b4       0x46 build/default/debug/_ext/1510041067/legato_pixelbuffer.o
                0x0000000026f003b4                lePixelBufferGet_Unsafe
 .text.lePixelBufferGet
                0x0000000026f003fa       0x20 build/default/debug/_ext/1510041067/legato_pixelbuffer.o
                0x0000000026f003fa                lePixelBufferGet
 .text.lePixelBufferClipRect
                0x0000000026f0041a       0x54 build/default/debug/_ext/1510041067/legato_pixelbuffer.o
                0x0000000026f0041a                lePixelBufferClipRect
 .text.lePixelBufferGetIndex_Unsafe
                0x0000000026f0046e       0x22 build/default/debug/_ext/1510041067/legato_pixelbuffer.o
                0x0000000026f0046e                lePixelBufferGetIndex_Unsafe
 .text.lePixelBufferSet_Unsafe
                0x0000000026f00490       0x5a build/default/debug/_ext/1510041067/legato_pixelbuffer.o
                0x0000000026f00490                lePixelBufferSet_Unsafe
 .text.lePixelBufferSet
                0x0000000026f004ea       0x1a build/default/debug/_ext/1510041067/legato_pixelbuffer.o
                0x0000000026f004ea                lePixelBufferSet
 .text.lePixelBufferAreaFill_Unsafe
                0x0000000026f00504       0xa4 build/default/debug/_ext/1510041067/legato_pixelbuffer.o
                0x0000000026f00504                lePixelBufferAreaFill_Unsafe
 .text.lePixelBufferAreaFill
                0x0000000026f005a8       0x4e build/default/debug/_ext/1510041067/legato_pixelbuffer.o
                0x0000000026f005a8                lePixelBufferAreaFill
 .text.lePixelBufferCopy
                0x0000000026f005f6       0x96 build/default/debug/_ext/1510041067/legato_pixelbuffer.o
                0x0000000026f005f6                lePixelBufferCopy
 .text.lerp_argb8888
                0x0000000026f0068c       0x4c build/default/debug/_ext/1510041067/legato_color_lerp.o
 .text.lerp_rgba8888
                0x0000000026f006d8       0x4c build/default/debug/_ext/1510041067/legato_color_lerp.o
 .text.lerp_rgb888
                0x0000000026f00724       0x38 build/default/debug/_ext/1510041067/legato_color_lerp.o
 .text.lerp_rgba5551
                0x0000000026f0075c       0x4a build/default/debug/_ext/1510041067/legato_color_lerp.o
 .text.lerp_rgb565
                0x0000000026f007a6       0x3c build/default/debug/_ext/1510041067/legato_color_lerp.o
 .text.lerp_rgb332
                0x0000000026f007e2       0x3c build/default/debug/_ext/1510041067/legato_color_lerp.o
 .text.lerp_gs8
                0x0000000026f0081e        0x8 build/default/debug/_ext/1510041067/legato_color_lerp.o
 .text.leColorLerp
                0x0000000026f00826       0x24 build/default/debug/_ext/1510041067/legato_color_lerp.o
                0x0000000026f00826                leColorLerp
 .text.leColorBilerp
                0x0000000026f0084a       0x3c build/default/debug/_ext/1510041067/legato_color_lerp.o
                0x0000000026f0084a                leColorBilerp
 .text.leRectContainsPoint
                0x0000000026f00886       0x40 build/default/debug/_ext/1510041067/legato_rect.o
                0x0000000026f00886                leRectContainsPoint
 .text.leRectContainsRect
                0x0000000026f008c6       0x50 build/default/debug/_ext/1510041067/legato_rect.o
                0x0000000026f008c6                leRectContainsRect
 .text.leRectIntersects
                0x0000000026f00916       0x50 build/default/debug/_ext/1510041067/legato_rect.o
                0x0000000026f00916                leRectIntersects
 .text.leRectCombine
                0x0000000026f00966       0x6e build/default/debug/_ext/1510041067/legato_rect.o
                0x0000000026f00966                leRectCombine
 .text.leRectClipAdj
                0x0000000026f009d4       0xe2 build/default/debug/_ext/1510041067/legato_rect.o
                0x0000000026f009d4                leRectClipAdj
 .text.leRectClip
                0x0000000026f00ab6       0x64 build/default/debug/_ext/1510041067/legato_rect.o
                0x0000000026f00ab6                leRectClip
 .text.leRectCompare
                0x0000000026f00b1a       0x42 build/default/debug/_ext/1510041067/legato_rect.o
                0x0000000026f00b1a                leRectCompare
 .text.leRectsAreSimilar
                0x0000000026f00b5c       0x86 build/default/debug/_ext/1510041067/legato_rect.o
                0x0000000026f00b5c                leRectsAreSimilar
 .text.leUtils_PickFromWidget
                0x0000000026f00be2       0x92 build/default/debug/_ext/1510041067/legato_utils.o
                0x0000000026f00be2                leUtils_PickFromWidget
 .text.leUtils_ClipRectToParent
                0x0000000026f00c74       0x4e build/default/debug/_ext/1510041067/legato_utils.o
                0x0000000026f00c74                leUtils_ClipRectToParent
 .text.leUtils_RectToScreenSpace
                0x0000000026f00cc2       0x1e build/default/debug/_ext/1510041067/legato_utils.o
                0x0000000026f00cc2                leUtils_RectToScreenSpace
 .text.leUtils_ClipRectToAncestors
                0x0000000026f00ce0       0x52 build/default/debug/_ext/1510041067/legato_utils.o
                0x0000000026f00ce0                leUtils_ClipRectToAncestors
 .text.leUtils_ArrangeRectangle
                0x0000000026f00d32      0x18c build/default/debug/_ext/1510041067/legato_utils.o
                0x0000000026f00d32                leUtils_ArrangeRectangle
 .text.leUtils_ArrangeRectangleRelative
                0x0000000026f00ebe      0x1fa build/default/debug/_ext/1510041067/legato_utils.o
                0x0000000026f00ebe                leUtils_ArrangeRectangleRelative
 .text.leUtils_GetSchemeLookupTable
                0x0000000026f010b8       0x38 build/default/debug/_ext/1510041067/legato_utils.o
                0x0000000026f010b8                leUtils_GetSchemeLookupTable
 .text.no_conv  0x0000000026f010f0        0x2 build/default/debug/_ext/1510041067/legato_color_convert.o
 .text.gs8_rgb332
                0x0000000026f010f2        0xe build/default/debug/_ext/1510041067/legato_color_convert.o
 .text.gs8_rgb565
                0x0000000026f01100       0x16 build/default/debug/_ext/1510041067/legato_color_convert.o
 .text.gs8_rgba5551
                0x0000000026f01116       0x1c build/default/debug/_ext/1510041067/legato_color_convert.o
 .text.gs8_rgb888
                0x0000000026f01132        0xa build/default/debug/_ext/1510041067/legato_color_convert.o
 .text.gs8_rgba8888
                0x0000000026f0113c       0x10 build/default/debug/_ext/1510041067/legato_color_convert.o
 .text.gs8_argb8888
                0x0000000026f0114c        0xe build/default/debug/_ext/1510041067/legato_color_convert.o
 .text.gs8_mono
                0x0000000026f0115a        0xa build/default/debug/_ext/1510041067/legato_color_convert.o
 .text.rgb332_rgb565
                0x0000000026f01164       0x20 build/default/debug/_ext/1510041067/legato_color_convert.o
 .text.rgb332_rgba5551
                0x0000000026f01184       0x20 build/default/debug/_ext/1510041067/legato_color_convert.o
 .text.rgb332_rgb888
                0x0000000026f011a4       0x1e build/default/debug/_ext/1510041067/legato_color_convert.o
 .text.rgb332_rgba8888
                0x0000000026f011c2       0x1e build/default/debug/_ext/1510041067/legato_color_convert.o
 .text.rgb332_argb8888
                0x0000000026f011e0       0x1e build/default/debug/_ext/1510041067/legato_color_convert.o
 .text.rgb565_rgb332
                0x0000000026f011fe       0x16 build/default/debug/_ext/1510041067/legato_color_convert.o
 .text.rgb565_rgba5551
                0x0000000026f01214       0x16 build/default/debug/_ext/1510041067/legato_color_convert.o
 .text.rgb565_rgb888
                0x0000000026f0122a       0x16 build/default/debug/_ext/1510041067/legato_color_convert.o
 .text.rgb565_rgba8888
                0x0000000026f01240       0x1a build/default/debug/_ext/1510041067/legato_color_convert.o
 .text.rgb565_argb8888
                0x0000000026f0125a       0x1a build/default/debug/_ext/1510041067/legato_color_convert.o
 .text.rgba5551_gs8
                0x0000000026f01274        0x2 build/default/debug/_ext/1510041067/legato_color_convert.o
 .text.rgba5551_rgb332
                0x0000000026f01276       0x16 build/default/debug/_ext/1510041067/legato_color_convert.o
 .text.rgba5551_rgb565
                0x0000000026f0128c       0x14 build/default/debug/_ext/1510041067/legato_color_convert.o
 .text.rgba5551_rgb888
                0x0000000026f012a0       0x1e build/default/debug/_ext/1510041067/legato_color_convert.o
 .text.rgba5551_rgba8888
                0x0000000026f012be       0x2c build/default/debug/_ext/1510041067/legato_color_convert.o
 .text.rgba5551_argb8888
                0x0000000026f012ea       0x34 build/default/debug/_ext/1510041067/legato_color_convert.o
 .text.rgb888_gs8
                0x0000000026f0131e        0x2 build/default/debug/_ext/1510041067/legato_color_convert.o
 .text.rgb888_rgb332
                0x0000000026f01320       0x18 build/default/debug/_ext/1510041067/legato_color_convert.o
 .text.rgb888_rgb565
                0x0000000026f01338       0x16 build/default/debug/_ext/1510041067/legato_color_convert.o
 .text.rgb888_rgba5551
                0x0000000026f0134e       0x1c build/default/debug/_ext/1510041067/legato_color_convert.o
 .text.rgb888_rgba8888
                0x0000000026f0136a        0x8 build/default/debug/_ext/1510041067/legato_color_convert.o
 .text.rgb888_argb8888
                0x0000000026f01372        0x6 build/default/debug/_ext/1510041067/legato_color_convert.o
 .text.rgba8888_gs8
                0x0000000026f01378        0x2 build/default/debug/_ext/1510041067/legato_color_convert.o
 .text.rgba8888_rgb332
                0x0000000026f0137a       0x16 build/default/debug/_ext/1510041067/legato_color_convert.o
 .text.rgba8888_rgb565
                0x0000000026f01390       0x16 build/default/debug/_ext/1510041067/legato_color_convert.o
 .text.rgba8888_rgba5551
                0x0000000026f013a6       0x24 build/default/debug/_ext/1510041067/legato_color_convert.o
 .text.rgba8888_rgb888
                0x0000000026f013ca        0x4 build/default/debug/_ext/1510041067/legato_color_convert.o
 .text.rgba8888_argb8888
                0x0000000026f013ce        0x6 build/default/debug/_ext/1510041067/legato_color_convert.o
 .text.argb8888_rgba5551
                0x0000000026f013d4       0x24 build/default/debug/_ext/1510041067/legato_color_convert.o
 .text.argb8888_rgb888
                0x0000000026f013f8        0x6 build/default/debug/_ext/1510041067/legato_color_convert.o
 .text.argb8888_rgba8888
                0x0000000026f013fe        0x6 build/default/debug/_ext/1510041067/legato_color_convert.o
 .text.rgb565_gs8
                0x0000000026f01404       0x32 build/default/debug/_ext/1510041067/legato_color_convert.o
 .text.rgb332_gs8
                0x0000000026f01436       0x32 build/default/debug/_ext/1510041067/legato_color_convert.o
 .text.leColorConvert
                0x0000000026f01468       0x1a build/default/debug/_ext/1510041067/legato_color_convert.o
                0x0000000026f01468                leColorConvert
 .text.leQueryArcQuadrants
                0x0000000026f01482       0xaa build/default/debug/_ext/1510041067/legato_math.o
 .text.leNormalizeAngle
                0x0000000026f0152c       0x1c build/default/debug/_ext/1510041067/legato_math.o
                0x0000000026f0152c                leNormalizeAngle
 .text.leSin    0x0000000026f01548       0x50 build/default/debug/_ext/1510041067/legato_math.o
                0x0000000026f01548                leSin
 .text.leCos    0x0000000026f01598       0x5a build/default/debug/_ext/1510041067/legato_math.o
                0x0000000026f01598                leCos
 .text.lePolarToXY
                0x0000000026f015f2       0x34 build/default/debug/_ext/1510041067/legato_math.o
                0x0000000026f015f2                lePolarToXY
 .text.leMini   0x0000000026f01626        0x8 build/default/debug/_ext/1510041067/legato_math.o
                0x0000000026f01626                leMini
 .text.leMaxi   0x0000000026f0162e        0x8 build/default/debug/_ext/1510041067/legato_math.o
                0x0000000026f0162e                leMaxi
 .text.leClampi
                0x0000000026f01636        0xe build/default/debug/_ext/1510041067/legato_math.o
                0x0000000026f01636                leClampi
 .text.lePercent
                0x0000000026f01644       0x10 build/default/debug/_ext/1510041067/legato_math.o
                0x0000000026f01644                lePercent
 .text.lePercentWholeRounded
                0x0000000026f01654       0x2e build/default/debug/_ext/1510041067/legato_math.o
                0x0000000026f01654                lePercentWholeRounded
 .text.lePercentOf
                0x0000000026f01682       0x48 build/default/debug/_ext/1510041067/legato_math.o
                0x0000000026f01682                lePercentOf
 .text.leScaleInteger
                0x0000000026f016ca       0x2a build/default/debug/_ext/1510041067/legato_math.o
                0x0000000026f016ca                leScaleInteger
 .text.leLerp   0x0000000026f016f4       0x36 build/default/debug/_ext/1510041067/legato_math.o
                0x0000000026f016f4                leLerp
 .text.lePointOnLineSide
                0x0000000026f0172a       0x42 build/default/debug/_ext/1510041067/legato_math.o
                0x0000000026f0172a                lePointOnLineSide
 .text.leRotatePoint
                0x0000000026f0176c       0x78 build/default/debug/_ext/1510041067/legato_math.o
                0x0000000026f0176c                leRotatePoint
 .text.leRotatedRectBounds
                0x0000000026f017e4       0xda build/default/debug/_ext/1510041067/legato_math.o
                0x0000000026f017e4                leRotatedRectBounds
 .text.leSqrt   0x0000000026f018be       0x32 build/default/debug/_ext/1510041067/legato_math.o
                0x0000000026f018be                leSqrt
 .text.lePointOnCircle
                0x0000000026f018f0       0x22 build/default/debug/_ext/1510041067/legato_math.o
                0x0000000026f018f0                lePointOnCircle
 .text.leResolveAngles
                0x0000000026f01912      0x1ae build/default/debug/_ext/1510041067/legato_math.o
                0x0000000026f01912                leResolveAngles
 .text.leRound  0x0000000026f01ac0       0x52 build/default/debug/_ext/1510041067/legato_math.o
                0x0000000026f01ac0                leRound
 .text.leColorBlend_RGBA_8888
                0x0000000026f01b12       0xf4 build/default/debug/_ext/1510041067/legato_color_blend.o
                0x0000000026f01b12                leColorBlend_RGBA_8888
 .text.leColorBlend_ARGB_8888
                0x0000000026f01c06       0xf0 build/default/debug/_ext/1510041067/legato_color_blend.o
                0x0000000026f01c06                leColorBlend_ARGB_8888
 .text.updateWidget
                0x0000000026f01cf6       0x2a build/default/debug/_ext/92283465/legato_state.o
 .text.updateWidgetLanguage
                0x0000000026f01d20       0x26 build/default/debug/_ext/92283465/legato_state.o
 .text.leGetState
                0x0000000026f01d46        0xa build/default/debug/_ext/92283465/legato_state.o
                0x0000000026f01d46                leGetState
 .text.leAddLayer
                0x0000000026f01d50       0x7c build/default/debug/_ext/92283465/legato_state.o
                0x0000000026f01d50                leAddLayer
 .text.leInitialize
                0x0000000026f01dcc       0x7c build/default/debug/_ext/92283465/legato_state.o
                0x0000000026f01dcc                leInitialize
 .text.leGetLayerState
                0x0000000026f01e48       0x34 build/default/debug/_ext/92283465/legato_state.o
                0x0000000026f01e48                leGetLayerState
 .text.leGetLayerColorMode
                0x0000000026f01e7c       0x38 build/default/debug/_ext/92283465/legato_state.o
                0x0000000026f01e7c                leGetLayerColorMode
 .text.leGetLayerRenderHorizontal
                0x0000000026f01eb4       0x38 build/default/debug/_ext/92283465/legato_state.o
                0x0000000026f01eb4                leGetLayerRenderHorizontal
 .text.leSetStringLanguage
                0x0000000026f01eec       0x48 build/default/debug/_ext/92283465/legato_state.o
                0x0000000026f01eec                leSetStringLanguage
 .text.leGetFocusWidget
                0x0000000026f01f34        0xe build/default/debug/_ext/92283465/legato_state.o
                0x0000000026f01f34                leGetFocusWidget
 .text.leSetFocusWidget
                0x0000000026f01f42       0x54 build/default/debug/_ext/92283465/legato_state.o
                0x0000000026f01f42                leSetFocusWidget
 .text.leGetEditWidget
                0x0000000026f01f96        0xe build/default/debug/_ext/92283465/legato_state.o
                0x0000000026f01f96                leGetEditWidget
 .text.leSetEditWidget
                0x0000000026f01fa4       0x5a build/default/debug/_ext/92283465/legato_state.o
                0x0000000026f01fa4                leSetEditWidget
 .text.leRedrawAll
                0x0000000026f01ffe       0x3c build/default/debug/_ext/92283465/legato_state.o
                0x0000000026f01ffe                leRedrawAll
 *fill*         0x0000000026f0203a        0x2 
 .text.leSetLayerColorMode
                0x0000000026f0203c       0x54 build/default/debug/_ext/92283465/legato_state.o
                0x0000000026f0203c                leSetLayerColorMode
 .text.leSetStringTable
                0x0000000026f02090       0x12 build/default/debug/_ext/92283465/legato_state.o
                0x0000000026f02090                leSetStringTable
 .text.leIsDrawing
                0x0000000026f020a2        0xe build/default/debug/_ext/92283465/legato_state.o
                0x0000000026f020a2                leIsDrawing
 .text.leUpdate
                0x0000000026f020b0       0xba build/default/debug/_ext/92283465/legato_state.o
                0x0000000026f020b0                leUpdate
 *fill*         0x0000000026f0216a        0x2 
 .text.leAddRootWidget
                0x0000000026f0216c       0x48 build/default/debug/_ext/92283465/legato_state.o
                0x0000000026f0216c                leAddRootWidget
 .text.leRemoveRootWidget
                0x0000000026f021b4       0x48 build/default/debug/_ext/92283465/legato_state.o
                0x0000000026f021b4                leRemoveRootWidget
 .text.leGetWidgetLayer
                0x0000000026f021fc       0x5a build/default/debug/_ext/92283465/legato_state.o
                0x0000000026f021fc                leGetWidgetLayer
 .text.leWidgetIsInScene
                0x0000000026f02256        0xc build/default/debug/_ext/92283465/legato_state.o
                0x0000000026f02256                leWidgetIsInScene
 .text.leScheme_GetRenderColor
                0x0000000026f02262       0x2c build/default/debug/_ext/92283465/legato_scheme.o
                0x0000000026f02262                leScheme_GetRenderColor
 .text._leGetEventState
                0x0000000026f0228e        0xa build/default/debug/_ext/92283465/legato_event.o
                0x0000000026f0228e                _leGetEventState
 .text.leEvent_Init
                0x0000000026f02298       0x16 build/default/debug/_ext/92283465/legato_event.o
                0x0000000026f02298                leEvent_Init
 .text.leEvent_AddEvent
                0x0000000026f022ae       0x1c build/default/debug/_ext/92283465/legato_event.o
                0x0000000026f022ae                leEvent_AddEvent
 .text.leEvent_ProcessEvents
                0x0000000026f022ca       0x68 build/default/debug/_ext/92283465/legato_event.o
                0x0000000026f022ca                leEvent_ProcessEvents
 .text.leWidgetEvent_Accept
                0x0000000026f02332        0xa build/default/debug/_ext/92283465/legato_event.o
                0x0000000026f02332                leWidgetEvent_Accept
 .text.leInput_Init
                0x0000000026f0233c       0x24 build/default/debug/_ext/92283465/legato_input.o
                0x0000000026f0233c                leInput_Init
 .text.leInput_InjectTouchDown
                0x0000000026f02360       0x84 build/default/debug/_ext/92283465/legato_input.o
                0x0000000026f02360                leInput_InjectTouchDown
 .text.leInput_InjectTouchUp
                0x0000000026f023e4       0x6c build/default/debug/_ext/92283465/legato_input.o
                0x0000000026f023e4                leInput_InjectTouchUp
 .text.leInput_InjectTouchMoved
                0x0000000026f02450       0xc2 build/default/debug/_ext/92283465/legato_input.o
                0x0000000026f02450                leInput_InjectTouchMoved
 .text.handleTouchDown
                0x0000000026f02512       0xc0 build/default/debug/_ext/92283465/legato_input.o
                0x0000000026f02512                handleTouchDown
 .text.handleTouchUp
                0x0000000026f025d2       0x44 build/default/debug/_ext/92283465/legato_input.o
                0x0000000026f025d2                handleTouchUp
 .text.handleTouchMoved
                0x0000000026f02616       0x44 build/default/debug/_ext/92283465/legato_input.o
                0x0000000026f02616                handleTouchMoved
 .text._leInput_HandleInputEvent
                0x0000000026f0265a       0x26 build/default/debug/_ext/92283465/legato_input.o
                0x0000000026f0265a                _leInput_HandleInputEvent
 .text._shuffleRight
                0x0000000026f02680       0x48 build/default/debug/_ext/2021927327/legato_array.o
 .text._shuffleLeft
                0x0000000026f026c8       0x3e build/default/debug/_ext/2021927327/legato_array.o
 .text.leArray_Create
                0x0000000026f02706       0x14 build/default/debug/_ext/2021927327/legato_array.o
                0x0000000026f02706                leArray_Create
 .text.leArray_Resize
                0x0000000026f0271a       0x3e build/default/debug/_ext/2021927327/legato_array.o
                0x0000000026f0271a                leArray_Resize
 .text.leArray_PushBack
                0x0000000026f02758       0x36 build/default/debug/_ext/2021927327/legato_array.o
                0x0000000026f02758                leArray_PushBack
 .text.leArray_InsertAt
                0x0000000026f0278e       0x56 build/default/debug/_ext/2021927327/legato_array.o
                0x0000000026f0278e                leArray_InsertAt
 .text.leArray_RemoveAt
                0x0000000026f027e4       0x26 build/default/debug/_ext/2021927327/legato_array.o
                0x0000000026f027e4                leArray_RemoveAt
 .text.leArray_Get
                0x0000000026f0280a       0x12 build/default/debug/_ext/2021927327/legato_array.o
                0x0000000026f0280a                leArray_Get
 .text.leArray_Find
                0x0000000026f0281c       0x44 build/default/debug/_ext/2021927327/legato_array.o
                0x0000000026f0281c                leArray_Find
 .text.leArray_Remove
                0x0000000026f02860       0x3a build/default/debug/_ext/2021927327/legato_array.o
                0x0000000026f02860                leArray_Remove
 .text.leArray_Clear
                0x0000000026f0289a       0x1e build/default/debug/_ext/2021927327/legato_array.o
                0x0000000026f0289a                leArray_Clear
 .text._shuffleLeft
                0x0000000026f028b8       0x5a build/default/debug/_ext/2021927327/legato_rectarray.o
 .text.leRectArray_Create
                0x0000000026f02912       0x14 build/default/debug/_ext/2021927327/legato_rectarray.o
                0x0000000026f02912                leRectArray_Create
 .text.leRectArray_Resize
                0x0000000026f02926       0x44 build/default/debug/_ext/2021927327/legato_rectarray.o
                0x0000000026f02926                leRectArray_Resize
 .text.leRectArray_PushBack
                0x0000000026f0296a       0x48 build/default/debug/_ext/2021927327/legato_rectarray.o
                0x0000000026f0296a                leRectArray_PushBack
 .text.leRectArray_RemoveAt
                0x0000000026f029b2       0x26 build/default/debug/_ext/2021927327/legato_rectarray.o
                0x0000000026f029b2                leRectArray_RemoveAt
 .text.leRectArray_Copy
                0x0000000026f029d8       0x44 build/default/debug/_ext/2021927327/legato_rectarray.o
                0x0000000026f029d8                leRectArray_Copy
 .text.leRectArray_Clear
                0x0000000026f02a1c       0x10 build/default/debug/_ext/2021927327/legato_rectarray.o
                0x0000000026f02a1c                leRectArray_Clear
 .text.leRectArray_Destroy
                0x0000000026f02a2c       0x20 build/default/debug/_ext/2021927327/legato_rectarray.o
                0x0000000026f02a2c                leRectArray_Destroy
 .text.leRectArray_RemoveDuplicates
                0x0000000026f02a4c       0x58 build/default/debug/_ext/2021927327/legato_rectarray.o
                0x0000000026f02a4c                leRectArray_RemoveDuplicates
 .text.leRectArray_SortBySize
                0x0000000026f02aa4       0x8a build/default/debug/_ext/2021927327/legato_rectarray.o
                0x0000000026f02aa4                leRectArray_SortBySize
 .text.leRectArray_SortByX
                0x0000000026f02b2e       0xa2 build/default/debug/_ext/2021927327/legato_rectarray.o
                0x0000000026f02b2e                leRectArray_SortByX
 .text.leRectArray_SortByY
                0x0000000026f02bd0       0xa0 build/default/debug/_ext/2021927327/legato_rectarray.o
                0x0000000026f02bd0                leRectArray_SortByY
 .text.leRectArray_MergeSimilar
                0x0000000026f02c70       0x5c build/default/debug/_ext/2021927327/legato_rectarray.o
                0x0000000026f02c70                leRectArray_MergeSimilar
 .text.leRectArray_RemoveOverlapping
                0x0000000026f02ccc       0x52 build/default/debug/_ext/2021927327/legato_rectarray.o
                0x0000000026f02ccc                leRectArray_RemoveOverlapping
 .text.leRectArray_CropToSizeY
                0x0000000026f02d1e       0xb8 build/default/debug/_ext/2021927327/legato_rectarray.o
                0x0000000026f02d1e                leRectArray_CropToSizeY
 .text.leRectArray_CropToSizeX
                0x0000000026f02dd6       0xb8 build/default/debug/_ext/2021927327/legato_rectarray.o
                0x0000000026f02dd6                leRectArray_CropToSizeX
 .text.leList_Create
                0x0000000026f02e8e       0x14 build/default/debug/_ext/2021927327/legato_list.o
                0x0000000026f02e8e                leList_Create
 .text.leList_PushBack
                0x0000000026f02ea2       0x3c build/default/debug/_ext/2021927327/legato_list.o
                0x0000000026f02ea2                leList_PushBack
 .text.leList_Get
                0x0000000026f02ede       0x1e build/default/debug/_ext/2021927327/legato_list.o
                0x0000000026f02ede                leList_Get
 .text.leList_Remove
                0x0000000026f02efc       0x68 build/default/debug/_ext/2021927327/legato_list.o
                0x0000000026f02efc                leList_Remove
 .text.leList_Destroy
                0x0000000026f02f64       0x2a build/default/debug/_ext/2021927327/legato_list.o
                0x0000000026f02f64                leList_Destroy
 .text.drawGlyphRow8bpp
                0x0000000026f02f8e       0x9a build/default/debug/_ext/92372729/legato_font.o
 .text.drawGlyphRow1bpp
                0x0000000026f03028       0x86 build/default/debug/_ext/92372729/legato_font.o
 .text.drawGlyphRow8bppMono
                0x0000000026f030ae       0x3a build/default/debug/_ext/92372729/legato_font.o
 .text.drawGlyphRow1bppMono
                0x0000000026f030e8       0x44 build/default/debug/_ext/92372729/legato_font.o
 .text._drawUnknownGlyph
                0x0000000026f0312c       0xa6 build/default/debug/_ext/92372729/legato_font.o
 .text.leFont_GetGlyphInfo
                0x0000000026f031d2       0x84 build/default/debug/_ext/92372729/legato_font.o
                0x0000000026f031d2                leFont_GetGlyphInfo
 .text.leFont_DrawGlyphData
                0x0000000026f03256       0xf2 build/default/debug/_ext/92372729/legato_font.o
                0x0000000026f03256                leFont_DrawGlyphData
 .text.leFont_DrawGlyphData_Lookup
                0x0000000026f03348      0x210 build/default/debug/_ext/92372729/legato_font.o
                0x0000000026f03348                leFont_DrawGlyphData_Lookup
 .text.leFont_DrawGlyph
                0x0000000026f03558       0x5a build/default/debug/_ext/92372729/legato_font.o
                0x0000000026f03558                leFont_DrawGlyph
 .text.leFont_DrawGlyph_Lookup
                0x0000000026f035b2       0x5e build/default/debug/_ext/92372729/legato_font.o
                0x0000000026f035b2                leFont_DrawGlyph_Lookup
 .text.screenInit_Screen0
                0x0000000026f03610       0x24 build/default/debug/_ext/937247594/le_gen_screen_Screen0.o
                0x0000000026f03610                screenInit_Screen0
 .text.screenShow_Screen0
                0x0000000026f03634      0x4fa build/default/debug/_ext/937247594/le_gen_screen_Screen0.o
                0x0000000026f03634                screenShow_Screen0
 .text.screenUpdate_Screen0
                0x0000000026f03b2e       0x20 build/default/debug/_ext/937247594/le_gen_screen_Screen0.o
                0x0000000026f03b2e                screenUpdate_Screen0
 .text.screenHide_Screen0
                0x0000000026f03b4e       0x9a build/default/debug/_ext/937247594/le_gen_screen_Screen0.o
                0x0000000026f03b4e                screenHide_Screen0
 .text.initializeStrings
                0x0000000026f03be8       0x4a build/default/debug/_ext/1626882341/le_gen_stringtable.o
                0x0000000026f03be8                initializeStrings
 .text.legato_showScreen
                0x0000000026f03c32       0x1a build/default/debug/_ext/1626882341/le_gen_init.o
                0x0000000026f03c32                legato_showScreen
 .text.legato_initializeScreenState
                0x0000000026f03c4c       0x36 build/default/debug/_ext/1626882341/le_gen_init.o
                0x0000000026f03c4c                legato_initializeScreenState
 .text.legato_updateScreenState
                0x0000000026f03c82       0x78 build/default/debug/_ext/1626882341/le_gen_init.o
                0x0000000026f03c82                legato_updateScreenState
 .text.touchMoveHandler
                0x0000000026f03cfa       0x12 build/default/debug/_ext/1626882341/le_gen_harmony.o
 .text.touchUpHandler
                0x0000000026f03d0c       0x12 build/default/debug/_ext/1626882341/le_gen_harmony.o
 .text.touchDownHandler
                0x0000000026f03d1e       0x12 build/default/debug/_ext/1626882341/le_gen_harmony.o
 .text.Legato_Initialize
                0x0000000026f03d30       0x72 build/default/debug/_ext/1626882341/le_gen_harmony.o
                0x0000000026f03d30                Legato_Initialize
 .text.Legato_Tasks
                0x0000000026f03da2       0x3a build/default/debug/_ext/1626882341/le_gen_harmony.o
                0x0000000026f03da2                Legato_Tasks
 .text._supportsImage
                0x0000000026f03ddc       0x14 build/default/debug/_ext/1395618758/legato_imagedecoder_jpeg.o
 .text.internalMemoryRead
                0x0000000026f03df0       0x2a build/default/debug/_ext/1395618758/legato_imagedecoder_jpeg.o
 .text.exec     0x0000000026f03e1a        0x4 build/default/debug/_ext/1395618758/legato_imagedecoder_jpeg.o
 .text._render  0x0000000026f03e1e      0x1aa build/default/debug/_ext/1395618758/legato_imagedecoder_jpeg.o
 .text._draw    0x0000000026f03fc8      0x1be build/default/debug/_ext/1395618758/legato_imagedecoder_jpeg.o
 .text.blitToImage
                0x0000000026f04186       0x6c build/default/debug/_ext/1395618758/legato_imagedecoder_jpeg.o
 .text.blitToFrameBuffer
                0x0000000026f041f2       0x64 build/default/debug/_ext/1395618758/legato_imagedecoder_jpeg.o
 .text._leJPEGImageDecoder_Init
                0x0000000026f04256       0x42 build/default/debug/_ext/1395618758/legato_imagedecoder_jpeg.o
                0x0000000026f04256                _leJPEGImageDecoder_Init
 .text.jpeg_idct_islow_leg
                0x0000000026f04298      0x43e build/default/debug/_ext/1395618758/jidctint.o
                0x0000000026f04298                jpeg_idct_islow_leg
 .text.JPEG_wReadWord
                0x0000000026f046d6       0x32 build/default/debug/_ext/1395618758/legato_imagedecoder_jpeg_common.o
 .text.JPEG_bReadByte
                0x0000000026f04708       0x1a build/default/debug/_ext/1395618758/legato_imagedecoder_jpeg_common.o
 .text.JPEG_bGet1Bit
                0x0000000026f04722       0xc6 build/default/debug/_ext/1395618758/legato_imagedecoder_jpeg_common.o
 .text.JPEG_wGetBits
                0x0000000026f047e8       0x30 build/default/debug/_ext/1395618758/legato_imagedecoder_jpeg_common.o
 .text.JPEG_sGetBitsValue
                0x0000000026f04818       0x2a build/default/debug/_ext/1395618758/legato_imagedecoder_jpeg_common.o
 .text.JPEG_bGetNextHuffByte
                0x0000000026f04842       0x50 build/default/debug/_ext/1395618758/legato_imagedecoder_jpeg_common.o
 .text.JPEG_vResetDecoder
                0x0000000026f04892       0x12 build/default/debug/_ext/1395618758/legato_imagedecoder_jpeg_common.o
                0x0000000026f04892                JPEG_vResetDecoder
 .text.JPEG_bReadHeader
                0x0000000026f048a4      0x56c build/default/debug/_ext/1395618758/legato_imagedecoder_jpeg_common.o
                0x0000000026f048a4                JPEG_bReadHeader
 .text.JPEG_bGenerateHuffmanTables
                0x0000000026f04e10       0x5c build/default/debug/_ext/1395618758/legato_imagedecoder_jpeg_common.o
                0x0000000026f04e10                JPEG_bGenerateHuffmanTables
 .text.JPEG_bDecodeOneBlock
                0x0000000026f04e6c      0x1a4 build/default/debug/_ext/1395618758/legato_imagedecoder_jpeg_common.o
                0x0000000026f04e6c                JPEG_bDecodeOneBlock
 .text.JPEG_vInitDisplay
                0x0000000026f05010        0xc build/default/debug/_ext/1395618758/legato_imagedecoder_jpeg_common.o
                0x0000000026f05010                JPEG_vInitDisplay
 .text.JPEG_bPaintOneBlock
                0x0000000026f0501c      0x778 build/default/debug/_ext/1395618758/legato_imagedecoder_jpeg_common.o
                0x0000000026f0501c                JPEG_bPaintOneBlock
 .text.stage_decode
                0x0000000026f05794       0x26 build/default/debug/_ext/1395707457/legato_imagedecoder_mono_read_internal.o
 .text._leMonoImageDecoder_ReadStage_Internal
                0x0000000026f057ba       0x22 build/default/debug/_ext/1395707457/legato_imagedecoder_mono_read_internal.o
                0x0000000026f057ba                _leMonoImageDecoder_ReadStage_Internal
 .text._supportsImage
                0x0000000026f057dc        0xc build/default/debug/_ext/1395707457/legato_imagedecoder_mono.o
 .text._decoderCleanup
                0x0000000026f057e8       0x40 build/default/debug/_ext/1395707457/legato_imagedecoder_mono.o
 .text._decoderExec
                0x0000000026f05828       0x5c build/default/debug/_ext/1395707457/legato_imagedecoder_mono.o
 .text._decoderIsDone
                0x0000000026f05884        0xe build/default/debug/_ext/1395707457/legato_imagedecoder_mono.o
 .text.stage_sourceIterateSetup
                0x0000000026f05892       0x72 build/default/debug/_ext/1395707457/legato_imagedecoder_mono.o
 .text.stage_FrameBufferWrite
                0x0000000026f05904       0x12 build/default/debug/_ext/1395707457/legato_imagedecoder_mono.o
 .text.stage_ImageWrite
                0x0000000026f05916       0x16 build/default/debug/_ext/1395707457/legato_imagedecoder_mono.o
 .text._leMonoImageDecoder_Init
                0x0000000026f0592c       0x72 build/default/debug/_ext/1395707457/legato_imagedecoder_mono.o
                0x0000000026f0592c                _leMonoImageDecoder_Init
 .text._leMonoImageDecoder_InjectStage
                0x0000000026f0599e       0x2e build/default/debug/_ext/1395707457/legato_imagedecoder_mono.o
                0x0000000026f0599e                _leMonoImageDecoder_InjectStage
 .text._leMonoImageDecoder_SourceIterateSetupStage
                0x0000000026f059cc       0x26 build/default/debug/_ext/1395707457/legato_imagedecoder_mono.o
                0x0000000026f059cc                _leMonoImageDecoder_SourceIterateSetupStage
 .text._leMonoImageDecoder_FrameBufferWriteStage
                0x0000000026f059f2       0x22 build/default/debug/_ext/1395707457/legato_imagedecoder_mono.o
                0x0000000026f059f2                _leMonoImageDecoder_FrameBufferWriteStage
 .text._draw    0x0000000026f05a14      0x10e build/default/debug/_ext/1395707457/legato_imagedecoder_mono.o
 .text._leMonoImageDecoder_ImageWriteStage
                0x0000000026f05b22       0x22 build/default/debug/_ext/1395707457/legato_imagedecoder_mono.o
                0x0000000026f05b22                _leMonoImageDecoder_ImageWriteStage
 .text._copy    0x0000000026f05b44      0x132 build/default/debug/_ext/1395707457/legato_imagedecoder_mono.o
 .text.readBitsFromStream
                0x0000000026f05c76       0x32 build/default/debug/_ext/460667659/lodepng.o
 .text.huffmanDecodeSymbol
                0x0000000026f05ca8       0x42 build/default/debug/_ext/460667659/lodepng.o
 .text.readBitFromReversedStream
                0x0000000026f05cea       0x18 build/default/debug/_ext/460667659/lodepng.o
 .text.readBitsFromReversedStream
                0x0000000026f05d02       0x2a build/default/debug/_ext/460667659/lodepng.o
 .text.getNumColorChannels
                0x0000000026f05d2c       0x24 build/default/debug/_ext/460667659/lodepng.o
 .text.lodepng_color_mode_equal
                0x0000000026f05d50       0x92 build/default/debug/_ext/460667659/lodepng.o
 .text.addColorBits
                0x0000000026f05de2       0x46 build/default/debug/_ext/460667659/lodepng.o
 .text.getPixelColorsRGBA8
                0x0000000026f05e28      0x322 build/default/debug/_ext/460667659/lodepng.o
 *fill*         0x0000000026f0614a        0x2 
 .text.Adam7_getpassvalues
                0x0000000026f0614c      0x10c build/default/debug/_ext/460667659/lodepng.o
 .text.unfilter
                0x0000000026f06258      0x2bc build/default/debug/_ext/460667659/lodepng.o
 .text.removePaddingBits
                0x0000000026f06514       0x82 build/default/debug/_ext/460667659/lodepng.o
 .text.ucvector_reserve
                0x0000000026f06596       0x34 build/default/debug/_ext/460667659/lodepng.o
 .text.ucvector_resize
                0x0000000026f065ca       0x16 build/default/debug/_ext/460667659/lodepng.o
 .text.ucvector_push_back
                0x0000000026f065e0       0x22 build/default/debug/_ext/460667659/lodepng.o
 .text.color_tree_cleanup
                0x0000000026f06602       0x24 build/default/debug/_ext/460667659/lodepng.o
 .text.LodePNGIText_cleanup
                0x0000000026f06626       0x66 build/default/debug/_ext/460667659/lodepng.o
 .text.LodePNGText_cleanup
                0x0000000026f0668c       0x3e build/default/debug/_ext/460667659/lodepng.o
 .text.HuffmanTree_cleanup
                0x0000000026f066ca       0x18 build/default/debug/_ext/460667659/lodepng.o
 .text.string_set
                0x0000000026f066e2       0x38 build/default/debug/_ext/460667659/lodepng.o
 .text.string_init
                0x0000000026f0671a       0x18 build/default/debug/_ext/460667659/lodepng.o
 .text.uivector_reserve
                0x0000000026f06732       0x34 build/default/debug/_ext/460667659/lodepng.o
 .text.HuffmanTree_makeFromLengths
                0x0000000026f06766      0x292 build/default/debug/_ext/460667659/lodepng.o
 .text.lodepng_read32bitInt
                0x0000000026f069f8       0x16 build/default/debug/_ext/460667659/lodepng.o
                0x0000000026f069f8                lodepng_read32bitInt
 .text.lodepng_inflate
                0x0000000026f06a0e      0x61e build/default/debug/_ext/460667659/lodepng.o
                0x0000000026f06a0e                lodepng_inflate
 .text.lodepng_zlib_decompress
                0x0000000026f0702c       0xf8 build/default/debug/_ext/460667659/lodepng.o
                0x0000000026f0702c                lodepng_zlib_decompress
 .text.zlib_decompress
                0x0000000026f07124       0x1a build/default/debug/_ext/460667659/lodepng.o
 .text.lodepng_crc32
                0x0000000026f0713e       0x3a build/default/debug/_ext/460667659/lodepng.o
                0x0000000026f0713e                lodepng_crc32
 .text.lodepng_chunk_type_equals
                0x0000000026f07178       0x48 build/default/debug/_ext/460667659/lodepng.o
                0x0000000026f07178                lodepng_chunk_type_equals
 .text.lodepng_chunk_check_crc
                0x0000000026f071c0       0x24 build/default/debug/_ext/460667659/lodepng.o
                0x0000000026f071c0                lodepng_chunk_check_crc
 .text.lodepng_chunk_next_const
                0x0000000026f071e4        0xe build/default/debug/_ext/460667659/lodepng.o
                0x0000000026f071e4                lodepng_chunk_next_const
 .text.lodepng_chunk_append
                0x0000000026f071f2       0x6a build/default/debug/_ext/460667659/lodepng.o
                0x0000000026f071f2                lodepng_chunk_append
 .text.lodepng_color_mode_init
                0x0000000026f0725c       0x18 build/default/debug/_ext/460667659/lodepng.o
                0x0000000026f0725c                lodepng_color_mode_init
 .text.lodepng_palette_clear
                0x0000000026f07274       0x14 build/default/debug/_ext/460667659/lodepng.o
                0x0000000026f07274                lodepng_palette_clear
 .text.lodepng_color_mode_copy
                0x0000000026f07288       0x56 build/default/debug/_ext/460667659/lodepng.o
                0x0000000026f07288                lodepng_color_mode_copy
 .text.lodepng_get_bpp
                0x0000000026f072de       0x12 build/default/debug/_ext/460667659/lodepng.o
                0x0000000026f072de                lodepng_get_bpp
 .text.lodepng_get_raw_size_idat
                0x0000000026f072f0       0x26 build/default/debug/_ext/460667659/lodepng.o
 .text.lodepng_get_raw_size
                0x0000000026f07316       0x26 build/default/debug/_ext/460667659/lodepng.o
                0x0000000026f07316                lodepng_get_raw_size
 .text.lodepng_add_text
                0x0000000026f0733c       0x84 build/default/debug/_ext/460667659/lodepng.o
                0x0000000026f0733c                lodepng_add_text
 .text.lodepng_add_itext
                0x0000000026f073c0       0xfe build/default/debug/_ext/460667659/lodepng.o
                0x0000000026f073c0                lodepng_add_itext
 .text.lodepng_info_init
                0x0000000026f074be       0x48 build/default/debug/_ext/460667659/lodepng.o
                0x0000000026f074be                lodepng_info_init
 .text.lodepng_info_cleanup
                0x0000000026f07506       0x30 build/default/debug/_ext/460667659/lodepng.o
                0x0000000026f07506                lodepng_info_cleanup
 .text.lodepng_convert
                0x0000000026f07536      0x7c4 build/default/debug/_ext/460667659/lodepng.o
                0x0000000026f07536                lodepng_convert
 .text.lodepng_inspect
                0x0000000026f07cfa      0x1be build/default/debug/_ext/460667659/lodepng.o
                0x0000000026f07cfa                lodepng_inspect
 .text.lodepng_decode
                0x0000000026f07eb8      0xf16 build/default/debug/_ext/460667659/lodepng.o
                0x0000000026f07eb8                lodepng_decode
 .text.lodepng_decoder_settings_init
                0x0000000026f08dce       0x16 build/default/debug/_ext/460667659/lodepng.o
                0x0000000026f08dce                lodepng_decoder_settings_init
 .text.lodepng_state_init
                0x0000000026f08de4       0x20 build/default/debug/_ext/460667659/lodepng.o
                0x0000000026f08de4                lodepng_state_init
 .text.lodepng_state_cleanup
                0x0000000026f08e04       0x14 build/default/debug/_ext/460667659/lodepng.o
                0x0000000026f08e04                lodepng_state_cleanup
 .text.lodepng_decode_memory
                0x0000000026f08e18       0x3e build/default/debug/_ext/460667659/lodepng.o
                0x0000000026f08e18                lodepng_decode_memory
 .text._supportsImage
                0x0000000026f08e56       0x14 build/default/debug/_ext/460667659/legato_imagedecoder_png.o
 .text._decoderCleanup
                0x0000000026f08e6a        0x2 build/default/debug/_ext/460667659/legato_imagedecoder_png.o
 .text._decoderExec
                0x0000000026f08e6c        0x4 build/default/debug/_ext/460667659/legato_imagedecoder_png.o
 .text._decoderIsDone
                0x0000000026f08e70        0x4 build/default/debug/_ext/460667659/legato_imagedecoder_png.o
 .text._render  0x0000000026f08e74       0x9c build/default/debug/_ext/460667659/legato_imagedecoder_png.o
 .text._draw    0x0000000026f08f10      0x156 build/default/debug/_ext/460667659/legato_imagedecoder_png.o
 .text._lePNGImageDecoder_Init
                0x0000000026f09066       0x52 build/default/debug/_ext/460667659/legato_imagedecoder_png.o
                0x0000000026f09066                _lePNGImageDecoder_Init
 .text.stage_BlendRGBA5551
                0x0000000026f090b8       0x18 build/default/debug/_ext/460669194/legato_imagedecoder_raw_blend.o
 .text.stage_BlendARGB8888
                0x0000000026f090d0       0x4e build/default/debug/_ext/460669194/legato_imagedecoder_raw_blend.o
 .text.stage_BlendRGBA8888
                0x0000000026f0911e       0x4a build/default/debug/_ext/460669194/legato_imagedecoder_raw_blend.o
 .text._leRawImageDecoder_BlendStage_Internal
                0x0000000026f09168       0x8a build/default/debug/_ext/460669194/legato_imagedecoder_raw_blend.o
                0x0000000026f09168                _leRawImageDecoder_BlendStage_Internal
 .text._supportsImage
                0x0000000026f091f2        0xc build/default/debug/_ext/460669194/legato_imagedecoder_raw.o
 .text._decoderCleanup
                0x0000000026f091fe       0x40 build/default/debug/_ext/460669194/legato_imagedecoder_raw.o
 .text._decoderExec
                0x0000000026f0923e       0x60 build/default/debug/_ext/460669194/legato_imagedecoder_raw.o
 .text._decoderIsDone
                0x0000000026f0929e        0xe build/default/debug/_ext/460669194/legato_imagedecoder_raw.o
 .text._initReadStage
                0x0000000026f092ac       0x14 build/default/debug/_ext/460669194/legato_imagedecoder_raw.o
 .text._initMaskStage
                0x0000000026f092c0       0x16 build/default/debug/_ext/460669194/legato_imagedecoder_raw.o
 .text._initBlendStage
                0x0000000026f092d6       0x28 build/default/debug/_ext/460669194/legato_imagedecoder_raw.o
 .text._initConvertStage
                0x0000000026f092fe       0x26 build/default/debug/_ext/460669194/legato_imagedecoder_raw.o
 .text._rotateDraw
                0x0000000026f09324      0x248 build/default/debug/_ext/460669194/legato_imagedecoder_raw.o
 .text._rotate  0x0000000026f0956c      0x290 build/default/debug/_ext/460669194/legato_imagedecoder_raw.o
 .text._resizeDraw
                0x0000000026f097fc      0x212 build/default/debug/_ext/460669194/legato_imagedecoder_raw.o
 .text._resize  0x0000000026f09a0e      0x1d2 build/default/debug/_ext/460669194/legato_imagedecoder_raw.o
 .text._copy    0x0000000026f09be0      0x158 build/default/debug/_ext/460669194/legato_imagedecoder_raw.o
 .text._initLookupStage
                0x0000000026f09d38       0x2c build/default/debug/_ext/460669194/legato_imagedecoder_raw.o
 .text._render  0x0000000026f09d64      0x1f8 build/default/debug/_ext/460669194/legato_imagedecoder_raw.o
 .text._draw    0x0000000026f09f5c      0x278 build/default/debug/_ext/460669194/legato_imagedecoder_raw.o
 .text._leRawImageDecoder_Init
                0x0000000026f0a1d4       0x98 build/default/debug/_ext/460669194/legato_imagedecoder_raw.o
                0x0000000026f0a1d4                _leRawImageDecoder_Init
 .text._leRawImageDecoder_InjectStage
                0x0000000026f0a26c       0x32 build/default/debug/_ext/460669194/legato_imagedecoder_raw.o
                0x0000000026f0a26c                _leRawImageDecoder_InjectStage
 .text.stage_decode
                0x0000000026f0a29e       0x4a build/default/debug/_ext/460669194/legato_imagedecoder_raw_read_internal.o
 .text.rleRandomDecode
                0x0000000026f0a2e8       0x36 build/default/debug/_ext/460669194/legato_imagedecoder_raw_read_internal.o
 .text.rleSequentialDecode
                0x0000000026f0a31e       0x30 build/default/debug/_ext/460669194/legato_imagedecoder_raw_read_internal.o
 .text.colorDecode
                0x0000000026f0a34e       0x24 build/default/debug/_ext/460669194/legato_imagedecoder_raw_read_internal.o
 .text.indexRLERandomDecode
                0x0000000026f0a372       0x52 build/default/debug/_ext/460669194/legato_imagedecoder_raw_read_internal.o
 .text.indexRLESequentialDecode
                0x0000000026f0a3c4       0x4c build/default/debug/_ext/460669194/legato_imagedecoder_raw_read_internal.o
 .text.indexDecode
                0x0000000026f0a410       0x22 build/default/debug/_ext/460669194/legato_imagedecoder_raw_read_internal.o
 .text._leRawImageDecoder_ReadStage_Internal
                0x0000000026f0a432       0xe6 build/default/debug/_ext/460669194/legato_imagedecoder_raw_read_internal.o
                0x0000000026f0a432                _leRawImageDecoder_ReadStage_Internal
 .text.stage_rotateNearestNeighborPreRead
                0x0000000026f0a518       0xb6 build/default/debug/_ext/460669194/legato_imagedecoder_raw_rotate.o
 .text.stage_bilinearPreRead
                0x0000000026f0a5ce      0x144 build/default/debug/_ext/460669194/legato_imagedecoder_raw_rotate.o
 .text.stage_rotateBilinearPostRead
                0x0000000026f0a712       0x3a build/default/debug/_ext/460669194/legato_imagedecoder_raw_rotate.o
 .text._leRawImageDecoder_RotateNearestNeighborPreReadStage
                0x0000000026f0a74c       0x22 build/default/debug/_ext/460669194/legato_imagedecoder_raw_rotate.o
                0x0000000026f0a74c                _leRawImageDecoder_RotateNearestNeighborPreReadStage
 .text._leRawImageDecoder_RotateBilinearPreReadStage
                0x0000000026f0a76e       0x2a build/default/debug/_ext/460669194/legato_imagedecoder_raw_rotate.o
                0x0000000026f0a76e                _leRawImageDecoder_RotateBilinearPreReadStage
 .text._leRawImageDecoder_RotateBilinearPostReadStage
                0x0000000026f0a798       0x22 build/default/debug/_ext/460669194/legato_imagedecoder_raw_rotate.o
                0x0000000026f0a798                _leRawImageDecoder_RotateBilinearPostReadStage
 .text.stage_rejectMaskedColor
                0x0000000026f0a7ba       0x1c build/default/debug/_ext/460669194/legato_imagedecoder_raw_mask.o
 .text._leRawImageDecoder_MaskStage_Internal
                0x0000000026f0a7d6       0x22 build/default/debug/_ext/460669194/legato_imagedecoder_raw_mask.o
                0x0000000026f0a7d6                _leRawImageDecoder_MaskStage_Internal
 .text.stage_convertColor
                0x0000000026f0a7f8       0x20 build/default/debug/_ext/460669194/legato_imagedecoder_raw_convert.o
 .text._leRawImageDecoder_ConvertStage
                0x0000000026f0a818       0x54 build/default/debug/_ext/460669194/legato_imagedecoder_raw_convert.o
                0x0000000026f0a818                _leRawImageDecoder_ConvertStage
 .text.stage_FrameBufferWrite
                0x0000000026f0a86c       0x18 build/default/debug/_ext/460669194/legato_imagedecoder_raw_write.o
 .text.stage_ImageWrite
                0x0000000026f0a884       0x18 build/default/debug/_ext/460669194/legato_imagedecoder_raw_write.o
 .text._leRawImageDecoder_FrameBufferWriteStage
                0x0000000026f0a89c       0x22 build/default/debug/_ext/460669194/legato_imagedecoder_raw_write.o
                0x0000000026f0a89c                _leRawImageDecoder_FrameBufferWriteStage
 .text._leRawImageDecoder_ImageWriteStage
                0x0000000026f0a8be       0x22 build/default/debug/_ext/460669194/legato_imagedecoder_raw_write.o
                0x0000000026f0a8be                _leRawImageDecoder_ImageWriteStage
 .text.stage_sourceIterateSetup
                0x0000000026f0a8e0       0x74 build/default/debug/_ext/460669194/legato_imagedecoder_raw_setup.o
 .text.stage_targetIterateSetup
                0x0000000026f0a954       0x64 build/default/debug/_ext/460669194/legato_imagedecoder_raw_setup.o
 .text._leRawImageDecoder_SourceIterateSetupStage
                0x0000000026f0a9b8       0x26 build/default/debug/_ext/460669194/legato_imagedecoder_raw_setup.o
                0x0000000026f0a9b8                _leRawImageDecoder_SourceIterateSetupStage
 .text._leRawImageDecoder_TargetIterateSetupStage
                0x0000000026f0a9de       0x26 build/default/debug/_ext/460669194/legato_imagedecoder_raw_setup.o
                0x0000000026f0a9de                _leRawImageDecoder_TargetIterateSetupStage
 .text.stage_postRead
                0x0000000026f0aa04        0xc build/default/debug/_ext/460669194/legato_imagedecoder_raw_scale.o
 .text.stage_scaledNearestNeighborPreRead
                0x0000000026f0aa10       0x7c build/default/debug/_ext/460669194/legato_imagedecoder_raw_scale.o
 .text.stage_bilinearPreRead
                0x0000000026f0aa8c       0xf0 build/default/debug/_ext/460669194/legato_imagedecoder_raw_scale.o
 .text.stage_scaledBilinearPostRead
                0x0000000026f0ab7c       0x60 build/default/debug/_ext/460669194/legato_imagedecoder_raw_scale.o
 .text._leRawImageDecoder_ScaleNearestNeighborPreReadStage
                0x0000000026f0abdc       0x48 build/default/debug/_ext/460669194/legato_imagedecoder_raw_scale.o
                0x0000000026f0abdc                _leRawImageDecoder_ScaleNearestNeighborPreReadStage
 .text._leRawImageDecoder_ScaleBilinearPreReadStage
                0x0000000026f0ac24       0x4c build/default/debug/_ext/460669194/legato_imagedecoder_raw_scale.o
                0x0000000026f0ac24                _leRawImageDecoder_ScaleBilinearPreReadStage
 .text._leRawImageDecoder_PostReadStage
                0x0000000026f0ac70       0x22 build/default/debug/_ext/460669194/legato_imagedecoder_raw_scale.o
                0x0000000026f0ac70                _leRawImageDecoder_PostReadStage
 .text._leRawImageDecoder_ScaleBilinearPostReadStage
                0x0000000026f0ac92       0x22 build/default/debug/_ext/460669194/legato_imagedecoder_raw_scale.o
                0x0000000026f0ac92                _leRawImageDecoder_ScaleBilinearPostReadStage
 .text.stage_imageRenderPostLookup
                0x0000000026f0acb4       0x3a build/default/debug/_ext/460669194/legato_imagedecoder_raw_palette_internal.o
 .text.stage_lookup
                0x0000000026f0acee       0x2c build/default/debug/_ext/460669194/legato_imagedecoder_raw_palette_internal.o
 .text._leRawImageDecoder_LookupStage_Internal
                0x0000000026f0ad1a       0x3e build/default/debug/_ext/460669194/legato_imagedecoder_raw_palette_internal.o
                0x0000000026f0ad1a                _leRawImageDecoder_LookupStage_Internal
 .text._leRawImageDecoder_ImageRenderPostLookupStage
                0x0000000026f0ad58       0x28 build/default/debug/_ext/460669194/legato_imagedecoder_raw_palette_internal.o
                0x0000000026f0ad58                _leRawImageDecoder_ImageRenderPostLookupStage
 .text.leImage_InitDecoders
                0x0000000026f0ad80       0x24 build/default/debug/_ext/1428714511/legato_image.o
                0x0000000026f0ad80                leImage_InitDecoders
 .text.leImage_Create
                0x0000000026f0ada4       0x56 build/default/debug/_ext/1428714511/legato_image.o
                0x0000000026f0ada4                leImage_Create
 .text.leImage_Allocate
                0x0000000026f0adfa       0x70 build/default/debug/_ext/1428714511/legato_image.o
                0x0000000026f0adfa                leImage_Allocate
 .text.leImage_Draw
                0x0000000026f0ae6a       0x8e build/default/debug/_ext/1428714511/legato_image.o
                0x0000000026f0ae6a                leImage_Draw
 .text.getDiscreteValueAtIndex1
                0x0000000026f0aef8       0x14 build/default/debug/_ext/1428714511/legato_image_utils.o
 .text.getDiscreteValueAtIndex4
                0x0000000026f0af0c       0x10 build/default/debug/_ext/1428714511/legato_image_utils.o
 .text.getDiscreteValueAtIndex8
                0x0000000026f0af1c        0x4 build/default/debug/_ext/1428714511/legato_image_utils.o
 .text.calcOffset1bpp
                0x0000000026f0af20        0x4 build/default/debug/_ext/1428714511/legato_image_utils.o
 .text.calcOffset4bpp
                0x0000000026f0af24        0x4 build/default/debug/_ext/1428714511/legato_image_utils.o
 .text.calcOffset8bpp
                0x0000000026f0af28        0x2 build/default/debug/_ext/1428714511/legato_image_utils.o
 .text.calcOffset16bpp
                0x0000000026f0af2a        0x4 build/default/debug/_ext/1428714511/legato_image_utils.o
 .text.calcOffset24bpp
                0x0000000026f0af2e        0x8 build/default/debug/_ext/1428714511/legato_image_utils.o
 .text.calcOffset32bpp
                0x0000000026f0af36        0x4 build/default/debug/_ext/1428714511/legato_image_utils.o
 .text.leGetRLEDataAtIndex
                0x0000000026f0af3a       0x8e build/default/debug/_ext/1428714511/legato_image_utils.o
                0x0000000026f0af3a                leGetRLEDataAtIndex
 .text.leGetDiscreteValueAtIndex
                0x0000000026f0afc8       0x12 build/default/debug/_ext/1428714511/legato_image_utils.o
                0x0000000026f0afc8                leGetDiscreteValueAtIndex
 .text.leGetOffsetFromIndexAndBPP
                0x0000000026f0afda       0x12 build/default/debug/_ext/1428714511/legato_image_utils.o
                0x0000000026f0afda                leGetOffsetFromIndexAndBPP
 .text._insertIntoList
                0x0000000026f0afec       0x44 build/default/debug/_ext/1232982741/legato_variableheap.o
 .text._removeFromList
                0x0000000026f0b030       0x1e build/default/debug/_ext/1232982741/legato_variableheap.o
 .text._findPreviousBlock
                0x0000000026f0b04e       0x48 build/default/debug/_ext/1232982741/legato_variableheap.o
 .text._findNextBlock
                0x0000000026f0b096       0x30 build/default/debug/_ext/1232982741/legato_variableheap.o
 .text._canSplit
                0x0000000026f0b0c6       0x28 build/default/debug/_ext/1232982741/legato_variableheap.o
 .text._combineFreeBlockNext
                0x0000000026f0b0ee       0x4e build/default/debug/_ext/1232982741/legato_variableheap.o
 .text._growAllocBlock
                0x0000000026f0b13c       0xb4 build/default/debug/_ext/1232982741/legato_variableheap.o
 .text.leVariableHeap_Init
                0x0000000026f0b1f0       0x32 build/default/debug/_ext/1232982741/legato_variableheap.o
                0x0000000026f0b1f0                leVariableHeap_Init
 .text.leVariableHeap_Alloc
                0x0000000026f0b222       0xb2 build/default/debug/_ext/1232982741/legato_variableheap.o
                0x0000000026f0b222                leVariableHeap_Alloc
 .text.leVariableHeap_Free
                0x0000000026f0b2d4       0x8e build/default/debug/_ext/1232982741/legato_variableheap.o
                0x0000000026f0b2d4                leVariableHeap_Free
 .text.leVariableHeap_Realloc
                0x0000000026f0b362      0x1b8 build/default/debug/_ext/1232982741/legato_variableheap.o
                0x0000000026f0b362                leVariableHeap_Realloc
 .text.leVariableHeap_Contains
                0x0000000026f0b51a       0x18 build/default/debug/_ext/1232982741/legato_variableheap.o
                0x0000000026f0b51a                leVariableHeap_Contains
 .text.leVariableHeap_SizeOf
                0x0000000026f0b532        0x6 build/default/debug/_ext/1232982741/legato_variableheap.o
                0x0000000026f0b532                leVariableHeap_SizeOf
 .text.leVariableHeap_Validate
                0x0000000026f0b538        0x4 build/default/debug/_ext/1232982741/legato_variableheap.o
                0x0000000026f0b538                leVariableHeap_Validate
 .text.leFixedHeap_Init
                0x0000000026f0b53c       0x64 build/default/debug/_ext/1232982741/legato_fixedheap.o
                0x0000000026f0b53c                leFixedHeap_Init
 .text.leFixedHeap_Alloc
                0x0000000026f0b5a0       0x24 build/default/debug/_ext/1232982741/legato_fixedheap.o
                0x0000000026f0b5a0                leFixedHeap_Alloc
 .text.leFixedHeap_Free
                0x0000000026f0b5c4        0xe build/default/debug/_ext/1232982741/legato_fixedheap.o
                0x0000000026f0b5c4                leFixedHeap_Free
 .text.leFixedHeap_Contains
                0x0000000026f0b5d2       0x34 build/default/debug/_ext/1232982741/legato_fixedheap.o
                0x0000000026f0b5d2                leFixedHeap_Contains
 .text._fixedHeapAlloc
                0x0000000026f0b606       0x42 build/default/debug/_ext/1232982741/legato_memory.o
 .text._findFixedHeapForPointer
                0x0000000026f0b648       0x40 build/default/debug/_ext/1232982741/legato_memory.o
 .text.leMemory_Init
                0x0000000026f0b688       0x88 build/default/debug/_ext/1232982741/legato_memory.o
                0x0000000026f0b688                leMemory_Init
 .text.leMalloc
                0x0000000026f0b710       0x22 build/default/debug/_ext/1232982741/legato_memory.o
                0x0000000026f0b710                leMalloc
 .text.leFree   0x0000000026f0b732       0x5e build/default/debug/_ext/1232982741/legato_memory.o
                0x0000000026f0b732                leFree
 .text.leRealloc
                0x0000000026f0b790      0x1ba build/default/debug/_ext/1232982741/legato_memory.o
                0x0000000026f0b790                leRealloc
 .text._convertColorMode
                0x0000000026f0b94a        0x8 build/default/debug/_ext/656756333/legato_gpu.o
 .text.leGPU_DrawLine
                0x0000000026f0b952      0x12c build/default/debug/_ext/656756333/legato_gpu.o
                0x0000000026f0b952                leGPU_DrawLine
 .text.leGPU_ClearBuffer
                0x0000000026f0ba7e       0x60 build/default/debug/_ext/656756333/legato_gpu.o
                0x0000000026f0ba7e                leGPU_ClearBuffer
 .text.leGPU_FillRect
                0x0000000026f0bade       0xe6 build/default/debug/_ext/656756333/legato_gpu.o
                0x0000000026f0bade                leGPU_FillRect
 .text.leGPU_BlitBuffer
                0x0000000026f0bbc4      0x156 build/default/debug/_ext/656756333/legato_gpu.o
                0x0000000026f0bbc4                leGPU_BlitBuffer
 .text.leGPU_BlitStretchBuffer
                0x0000000026f0bd1a      0x14a build/default/debug/_ext/656756333/legato_gpu.o
                0x0000000026f0bd1a                leGPU_BlitStretchBuffer
 .text.leRenderer_RectFill
                0x0000000026f0be64       0x48 build/default/debug/_ext/656756333/legato_draw_rect.o
                0x0000000026f0be64                leRenderer_RectFill
 .text.leRenderer_HorzLine
                0x0000000026f0beac       0x94 build/default/debug/_ext/656756333/legato_draw_line.o
                0x0000000026f0beac                leRenderer_HorzLine
 .text.leRenderer_VertLine
                0x0000000026f0bf40       0x96 build/default/debug/_ext/656756333/legato_draw_line.o
                0x0000000026f0bf40                leRenderer_VertLine
 .text.drawQ1   0x0000000026f0bfd6      0x134 build/default/debug/_ext/656756333/legato_draw_arc.o
 .text.drawQ2   0x0000000026f0c10a      0x12e build/default/debug/_ext/656756333/legato_draw_arc.o
 .text.drawQ3   0x0000000026f0c238      0x13c build/default/debug/_ext/656756333/legato_draw_arc.o
 .text.drawQ4   0x0000000026f0c374      0x138 build/default/debug/_ext/656756333/legato_draw_arc.o
 .text.leRenderer_ArcFill
                0x0000000026f0c4ac      0x2b4 build/default/debug/_ext/656756333/legato_draw_arc.o
                0x0000000026f0c4ac                leRenderer_ArcFill
 .text.leRenderer_CircleFill
                0x0000000026f0c760       0x86 build/default/debug/_ext/656756333/legato_draw_arc.o
                0x0000000026f0c760                leRenderer_CircleFill
 .text._MonoFill
                0x0000000026f0c7e6       0x3e build/default/debug/_ext/656756333/legato_draw.o
 .text._MonoPutPixel
                0x0000000026f0c824       0x1e build/default/debug/_ext/656756333/legato_draw.o
 .text._RGBPutPixel
                0x0000000026f0c842       0x1a build/default/debug/_ext/656756333/legato_draw.o
 .text._RGBFill
                0x0000000026f0c85c       0x56 build/default/debug/_ext/656756333/legato_draw.o
 .text._RGBBlendPixel
                0x0000000026f0c8b2       0xec build/default/debug/_ext/656756333/legato_draw.o
 .text.leRenderer_GetPixel
                0x0000000026f0c99e       0x2a build/default/debug/_ext/656756333/legato_draw.o
                0x0000000026f0c99e                leRenderer_GetPixel
 .text.leRenderer_PutPixel
                0x0000000026f0c9c8       0x30 build/default/debug/_ext/656756333/legato_draw.o
                0x0000000026f0c9c8                leRenderer_PutPixel
 .text.leRenderer_BlendPixel
                0x0000000026f0c9f8       0x36 build/default/debug/_ext/656756333/legato_draw.o
                0x0000000026f0c9f8                leRenderer_BlendPixel
 .text.leRenderer_BlendPixel_Safe
                0x0000000026f0ca2e       0x44 build/default/debug/_ext/656756333/legato_draw.o
                0x0000000026f0ca2e                leRenderer_BlendPixel_Safe
 .text._RGBBlendFill
                0x0000000026f0ca72       0xd4 build/default/debug/_ext/656756333/legato_draw.o
 .text.leRenderer_FillArea
                0x0000000026f0cb46       0x1c build/default/debug/_ext/656756333/legato_draw.o
                0x0000000026f0cb46                leRenderer_FillArea
 .text._leRenderer_InitDrawForMode
                0x0000000026f0cb62       0x86 build/default/debug/_ext/656756333/legato_draw.o
                0x0000000026f0cb62                _leRenderer_InitDrawForMode
 .text.findDirtyWidget
                0x0000000026f0cbe8       0x4c build/default/debug/_ext/656756333/legato_renderer.o
 .text._nextRect
                0x0000000026f0cc34       0x28 build/default/debug/_ext/656756333/legato_renderer.o
 .text.invalidateWidget
                0x0000000026f0cc5c       0x8c build/default/debug/_ext/656756333/legato_renderer.o
 .text.addDamageRectToList
                0x0000000026f0cce8       0x66 build/default/debug/_ext/656756333/legato_renderer.o
 .text.leRenderer_IsIdle
                0x0000000026f0cd4e       0x14 build/default/debug/_ext/656756333/legato_renderer.o
                0x0000000026f0cd4e                leRenderer_IsIdle
 .text.leGetRenderBuffer
                0x0000000026f0cd62       0x24 build/default/debug/_ext/656756333/legato_renderer.o
                0x0000000026f0cd62                leGetRenderBuffer
 .text.leRenderer_CurrentColorMode
                0x0000000026f0cd86       0x1c build/default/debug/_ext/656756333/legato_renderer.o
                0x0000000026f0cd86                leRenderer_CurrentColorMode
 .text.leRenderer_ConvertColor
                0x0000000026f0cda2       0x28 build/default/debug/_ext/656756333/legato_renderer.o
                0x0000000026f0cda2                leRenderer_ConvertColor
 .text.leRenderer_DisplaySize
                0x0000000026f0cdca       0x24 build/default/debug/_ext/656756333/legato_renderer.o
                0x0000000026f0cdca                leRenderer_DisplaySize
 *fill*         0x0000000026f0cdee        0x2 
 .text.leRenderer_GetClipRect
                0x0000000026f0cdf0       0x10 build/default/debug/_ext/656756333/legato_renderer.o
                0x0000000026f0cdf0                leRenderer_GetClipRect
 .text.leRenderer_GetFrameRect
                0x0000000026f0ce00       0x1c build/default/debug/_ext/656756333/legato_renderer.o
                0x0000000026f0ce00                leRenderer_GetFrameRect
 .text.leRenderer_CullDrawRect
                0x0000000026f0ce1c       0x18 build/default/debug/_ext/656756333/legato_renderer.o
                0x0000000026f0ce1c                leRenderer_CullDrawRect
 .text.leRenderer_CullDrawXY
                0x0000000026f0ce34       0x20 build/default/debug/_ext/656756333/legato_renderer.o
                0x0000000026f0ce34                leRenderer_CullDrawXY
 .text.leRenderer_ClipDrawRect
                0x0000000026f0ce54       0x10 build/default/debug/_ext/656756333/legato_renderer.o
                0x0000000026f0ce54                leRenderer_ClipDrawRect
 .text.leRenderer_Initialize
                0x0000000026f0ce64       0x70 build/default/debug/_ext/656756333/legato_renderer.o
                0x0000000026f0ce64                leRenderer_Initialize
 .text.leRenderer_DisplayInterface
                0x0000000026f0ced4        0xc build/default/debug/_ext/656756333/legato_renderer.o
                0x0000000026f0ced4                leRenderer_DisplayInterface
 .text.leRenderer_GPUInterface
                0x0000000026f0cee0        0xc build/default/debug/_ext/656756333/legato_renderer.o
                0x0000000026f0cee0                leRenderer_GPUInterface
 .text.leRenderer_DamageArea
                0x0000000026f0ceec       0x7e build/default/debug/_ext/656756333/legato_renderer.o
                0x0000000026f0ceec                leRenderer_DamageArea
 *fill*         0x0000000026f0cf6a        0x2 
 .text.leRenderer_Paint
                0x0000000026f0cf6c      0x500 build/default/debug/_ext/656756333/legato_renderer.o
                0x0000000026f0cf6c                leRenderer_Paint
 .text._leRenderer_CreateLayerState
                0x0000000026f0d46c       0x3a build/default/debug/_ext/656756333/legato_renderer.o
                0x0000000026f0d46c                _leRenderer_CreateLayerState
 .text._leTableString_SetFont
                0x0000000026f0d4a6        0x6 build/default/debug/_ext/1047211973/legato_tablestring.o
                0x0000000026f0d4a6                _leTableString_SetFont
 .text._leTableString_SetFromString
                0x0000000026f0d4ac        0x6 build/default/debug/_ext/1047211973/legato_tablestring.o
                0x0000000026f0d4ac                _leTableString_SetFromString
 .text._leTableString_SetFromChar
                0x0000000026f0d4b2        0x6 build/default/debug/_ext/1047211973/legato_tablestring.o
                0x0000000026f0d4b2                _leTableString_SetFromChar
 .text._leTableString_SetFromCStr
                0x0000000026f0d4b8        0x6 build/default/debug/_ext/1047211973/legato_tablestring.o
                0x0000000026f0d4b8                _leTableString_SetFromCStr
 .text._leTableString_Compare
                0x0000000026f0d4be       0x66 build/default/debug/_ext/1047211973/legato_tablestring.o
                0x0000000026f0d4be                _leTableString_Compare
 .text._leTableString_Append
                0x0000000026f0d524        0x6 build/default/debug/_ext/1047211973/legato_tablestring.o
                0x0000000026f0d524                _leTableString_Append
 .text._leTableString_Insert
                0x0000000026f0d52a        0x6 build/default/debug/_ext/1047211973/legato_tablestring.o
                0x0000000026f0d52a                _leTableString_Insert
 .text._leTableString_Remove
                0x0000000026f0d530        0x6 build/default/debug/_ext/1047211973/legato_tablestring.o
                0x0000000026f0d530                _leTableString_Remove
 .text._leTableString_Clear
                0x0000000026f0d536        0x2 build/default/debug/_ext/1047211973/legato_tablestring.o
                0x0000000026f0d536                _leTableString_Clear
 .text._leTableString_GetID
                0x0000000026f0d538        0x4 build/default/debug/_ext/1047211973/legato_tablestring.o
                0x0000000026f0d538                _leTableString_GetID
 .text._leTableString_SetID
                0x0000000026f0d53c       0x1a build/default/debug/_ext/1047211973/legato_tablestring.o
                0x0000000026f0d53c                _leTableString_SetID
 .text._leTableString_Destructor
                0x0000000026f0d556        0xe build/default/debug/_ext/1047211973/legato_tablestring.o
                0x0000000026f0d556                _leTableString_Destructor
 .text._leTableString_GetFont
                0x0000000026f0d564       0x1c build/default/debug/_ext/1047211973/legato_tablestring.o
                0x0000000026f0d564                _leTableString_GetFont
 .text._leTableString_Length
                0x0000000026f0d580       0x52 build/default/debug/_ext/1047211973/legato_tablestring.o
                0x0000000026f0d580                _leTableString_Length
 .text._leTableString_IsEmpty
                0x0000000026f0d5d2        0xe build/default/debug/_ext/1047211973/legato_tablestring.o
                0x0000000026f0d5d2                _leTableString_IsEmpty
 .text._leTableString_CharAt
                0x0000000026f0d5e0       0x8c build/default/debug/_ext/1047211973/legato_tablestring.o
                0x0000000026f0d5e0                _leTableString_CharAt
 .text.leTableString_Constructor
                0x0000000026f0d66c       0x1a build/default/debug/_ext/1047211973/legato_tablestring.o
                0x0000000026f0d66c                leTableString_Constructor
 .text.leStringRenderer_DrawString
                0x0000000026f0d686      0x1da build/default/debug/_ext/1047211973/legato_string_renderer.o
                0x0000000026f0d686                leStringRenderer_DrawString
 .text.leString_Delete
                0x0000000026f0d860       0x16 build/default/debug/_ext/1047211973/legato_string.o
                0x0000000026f0d860                leString_Delete
 .text._leString_Constructor
                0x0000000026f0d876        0xc build/default/debug/_ext/1047211973/legato_string.o
                0x0000000026f0d876                _leString_Constructor
 .text._leString_Destructor
                0x0000000026f0d882        0x2 build/default/debug/_ext/1047211973/legato_string.o
                0x0000000026f0d882                _leString_Destructor
 .text._leString_GetRect
                0x0000000026f0d884       0x70 build/default/debug/_ext/1047211973/legato_string.o
                0x0000000026f0d884                _leString_GetRect
 .text._leString_GetLineCount
                0x0000000026f0d8f4       0x30 build/default/debug/_ext/1047211973/legato_string.o
                0x0000000026f0d8f4                _leString_GetLineCount
 .text._leString_GetLineIndices
                0x0000000026f0d924       0x70 build/default/debug/_ext/1047211973/legato_string.o
                0x0000000026f0d924                _leString_GetLineIndices
 .text._leString_GetLineRect
                0x0000000026f0d994       0xa2 build/default/debug/_ext/1047211973/legato_string.o
                0x0000000026f0d994                _leString_GetLineRect
 .text._leString_GetCharRect
                0x0000000026f0da36       0xa0 build/default/debug/_ext/1047211973/legato_string.o
                0x0000000026f0da36                _leString_GetCharRect
 .text._leString_GetCharIndexAtPoint
                0x0000000026f0dad6       0xc6 build/default/debug/_ext/1047211973/legato_string.o
                0x0000000026f0dad6                _leString_GetCharIndexAtPoint
 .text._leString_Draw
                0x0000000026f0db9c       0x26 build/default/debug/_ext/1047211973/legato_string.o
                0x0000000026f0db9c                _leString_Draw
 .text._leString_PreInvalidate
                0x0000000026f0dbc2        0xc build/default/debug/_ext/1047211973/legato_string.o
                0x0000000026f0dbc2                _leString_PreInvalidate
 .text._leString_Invalidate
                0x0000000026f0dbce        0xc build/default/debug/_ext/1047211973/legato_string.o
                0x0000000026f0dbce                _leString_Invalidate
 .text._leString_SetPreInvalidateCallback
                0x0000000026f0dbda        0xe build/default/debug/_ext/1047211973/legato_string.o
                0x0000000026f0dbda                _leString_SetPreInvalidateCallback
 .text._leString_SetInvalidateCallback
                0x0000000026f0dbe8        0xe build/default/debug/_ext/1047211973/legato_string.o
                0x0000000026f0dbe8                _leString_SetInvalidateCallback
 .text._leDynamicString_GetFont
                0x0000000026f0dbf6        0x4 build/default/debug/_ext/1047211973/legato_dynamicstring.o
                0x0000000026f0dbf6                _leDynamicString_GetFont
 .text._leDynamicString_SetFont
                0x0000000026f0dbfa       0x1a build/default/debug/_ext/1047211973/legato_dynamicstring.o
                0x0000000026f0dbfa                _leDynamicString_SetFont
 .text._leDynamicString_GetCapacity
                0x0000000026f0dc14        0x4 build/default/debug/_ext/1047211973/legato_dynamicstring.o
                0x0000000026f0dc14                _leDynamicString_GetCapacity
 .text._leDynamicString_SetFromString
                0x0000000026f0dc18       0x74 build/default/debug/_ext/1047211973/legato_dynamicstring.o
                0x0000000026f0dc18                _leDynamicString_SetFromString
 .text._leDynamicString_SetFromChar
                0x0000000026f0dc8c       0x5a build/default/debug/_ext/1047211973/legato_dynamicstring.o
                0x0000000026f0dc8c                _leDynamicString_SetFromChar
 .text._leDynamicString_Length
                0x0000000026f0dce6        0x4 build/default/debug/_ext/1047211973/legato_dynamicstring.o
                0x0000000026f0dce6                _leDynamicString_Length
 .text._leDynamicString_IsEmpty
                0x0000000026f0dcea        0xa build/default/debug/_ext/1047211973/legato_dynamicstring.o
                0x0000000026f0dcea                _leDynamicString_IsEmpty
 .text._leDynamicString_CharAt
                0x0000000026f0dcf4       0x12 build/default/debug/_ext/1047211973/legato_dynamicstring.o
                0x0000000026f0dcf4                _leDynamicString_CharAt
 .text._leDynamicString_Compare
                0x0000000026f0dd06       0x48 build/default/debug/_ext/1047211973/legato_dynamicstring.o
                0x0000000026f0dd06                _leDynamicString_Compare
 .text._leDynamicString_Append
                0x0000000026f0dd4e       0x84 build/default/debug/_ext/1047211973/legato_dynamicstring.o
                0x0000000026f0dd4e                _leDynamicString_Append
 .text._leDynamicString_Insert
                0x0000000026f0ddd2       0xda build/default/debug/_ext/1047211973/legato_dynamicstring.o
                0x0000000026f0ddd2                _leDynamicString_Insert
 .text._leDynamicString_Remove
                0x0000000026f0deac       0x64 build/default/debug/_ext/1047211973/legato_dynamicstring.o